Archive member included because of file (symbol)

../../../../../touchgfx/4.8.0/touchgfx/lib/core/cortex_m7/gcc\libtouchgfx.a(AbstractPartition.o)
                              build/ST/STM32F746G-DISCO/touchgfx/board/ST/STM32F746G-DISCO/source/BoardConfiguration.o (touchgfx::AbstractPartition::getAllocationCount() const)
../../../../../touchgfx/4.8.0/touchgfx/lib/core/cortex_m7/gcc\libtouchgfx.a(ModalWindow.o)
                              build/ST/STM32F746G-DISCO/gui/src/screen1_screen/Screen1View.o (touchgfx::ModalWindow::~ModalWindow())
../../../../../touchgfx/4.8.0/touchgfx/lib/core/cortex_m7/gcc\libtouchgfx.a(Container.o)
                              ../../../../../touchgfx/4.8.0/touchgfx/lib/core/cortex_m7/gcc\libtouchgfx.a(ModalWindow.o) (touchgfx::Container::contains(touchgfx::Drawable const&))
../../../../../touchgfx/4.8.0/touchgfx/lib/core/cortex_m7/gcc\libtouchgfx.a(HAL.o)
                              build/ST/STM32F746G-DISCO/touchgfx/framework/source/platform/hal/ST/mcu/stm32f7xx/STM32F7HAL.o (touchgfx::HAL::flushFrameBuffer())
../../../../../touchgfx/4.8.0/touchgfx/lib/core/cortex_m7/gcc\libtouchgfx.a(DMA.o)
                              build/ST/STM32F746G-DISCO/touchgfx/framework/source/platform/hal/ST/mcu/stm32f7xx/STM32F7DMA.o (touchgfx::DMA_Interface::seedExecution())
../../../../../touchgfx/4.8.0/touchgfx/lib/core/cortex_m7/gcc\libtouchgfx.a(AbstractButton.o)
                              build/ST/STM32F746G-DISCO/gui/src/screen1_screen/Screen1View.o (touchgfx::AbstractButton::handleClickEvent(touchgfx::ClickEvent const&))
../../../../../touchgfx/4.8.0/touchgfx/lib/core/cortex_m7/gcc\libtouchgfx.a(SnapshotWidget.o)
                              build/ST/STM32F746G-DISCO/generated/gui_generated/src/common/FrontendApplicationBase.o (touchgfx::SnapshotWidget::~SnapshotWidget())
../../../../../touchgfx/4.8.0/touchgfx/lib/core/cortex_m7/gcc\libtouchgfx.a(ScalableImage.o)
                              build/ST/STM32F746G-DISCO/gui/src/about_me_screen_screen/About_Me_ScreenView.o (touchgfx::ScalableImage::~ScalableImage())
../../../../../touchgfx/4.8.0/touchgfx/lib/core/cortex_m7/gcc\libtouchgfx.a(TextArea.o)
                              build/ST/STM32F746G-DISCO/generated/gui_generated/src/screen1_screen/Screen1ViewBase.o (touchgfx::TextArea::getTextWidth() const)
../../../../../touchgfx/4.8.0/touchgfx/lib/core/cortex_m7/gcc\libtouchgfx.a(Box.o)
                              build/ST/STM32F746G-DISCO/generated/gui_generated/src/about_me_screen_screen/About_Me_ScreenViewBase.o (vtable for touchgfx::Box)
../../../../../touchgfx/4.8.0/touchgfx/lib/core/cortex_m7/gcc\libtouchgfx.a(Button.o)
                              build/ST/STM32F746G-DISCO/generated/gui_generated/src/screen1_screen/Screen1ViewBase.o (touchgfx::Button::setBitmaps(touchgfx::Bitmap const&, touchgfx::Bitmap const&))
../../../../../touchgfx/4.8.0/touchgfx/lib/core/cortex_m7/gcc\libtouchgfx.a(ButtonWithIcon.o)
                              build/ST/STM32F746G-DISCO/generated/gui_generated/src/about_me_screen_screen/About_Me_ScreenViewBase.o (touchgfx::ButtonWithIcon::setBitmaps(touchgfx::Bitmap const&, touchgfx::Bitmap const&, touchgfx::Bitmap const&, touchgfx::Bitmap const&))
../../../../../touchgfx/4.8.0/touchgfx/lib/core/cortex_m7/gcc\libtouchgfx.a(Image.o)
                              ../../../../../touchgfx/4.8.0/touchgfx/lib/core/cortex_m7/gcc\libtouchgfx.a(ModalWindow.o) (touchgfx::Image::setBitmap(touchgfx::Bitmap const&))
../../../../../touchgfx/4.8.0/touchgfx/lib/core/cortex_m7/gcc\libtouchgfx.a(RadioButton.o)
                              build/ST/STM32F746G-DISCO/generated/gui_generated/src/about_me_screen_screen/About_Me_ScreenViewBase.o (touchgfx::RadioButton::setBitmaps(touchgfx::Bitmap const&, touchgfx::Bitmap const&, touchgfx::Bitmap const&, touchgfx::Bitmap const&))
../../../../../touchgfx/4.8.0/touchgfx/lib/core/cortex_m7/gcc\libtouchgfx.a(LCD.o)
                              ../../../../../touchgfx/4.8.0/touchgfx/lib/core/cortex_m7/gcc\libtouchgfx.a(TextArea.o) (touchgfx::LCD::drawString(touchgfx::Rect, touchgfx::Rect const&, touchgfx::LCD::StringVisuals&, unsigned short const*, ...))
../../../../../touchgfx/4.8.0/touchgfx/lib/core/cortex_m7/gcc\libtouchgfx.a(TouchCalibration.o)
                              ../../../../../touchgfx/4.8.0/touchgfx/lib/core/cortex_m7/gcc\libtouchgfx.a(HAL.o) (touchgfx::TouchCalibration::translatePoint(touchgfx::Point&))
../../../../../touchgfx/4.8.0/touchgfx/lib/core/cortex_m7/gcc\libtouchgfx.a(DisplayTransformation.o)
                              ../../../../../touchgfx/4.8.0/touchgfx/lib/core/cortex_m7/gcc\libtouchgfx.a(HAL.o) (touchgfx::DisplayTransformation::transformFrameBufferToDisplay(short&, short&))
../../../../../touchgfx/4.8.0/touchgfx/lib/core/cortex_m7/gcc\libtouchgfx.a(Application.o)
                              build/ST/STM32F746G-DISCO/gui/src/common/FrontendApplication.o (touchgfx::Application::handleClickEvent(touchgfx::ClickEvent const&))
[...]
Memory Configuration

Name             Origin             Length             Attributes
CODE             0x08000000         0x00100000         xr
RAM              0x20000000         0x0004c000         rw
QUADSPI          0x90000000         0x01000000         r
*default*        0x00000000         0xffffffff

Linker script and memory map

LOAD build/ST/STM32F746G-DISCO/gui/src/about_me_screen_screen/About_Me_ScreenView.o
LOAD build/ST/STM32F746G-DISCO/gui/src/about_me_screen_screen/About_Me_ScreenPresenter.o
LOAD build/ST/STM32F746G-DISCO/gui/src/screen1_screen/Screen1Presenter.o
LOAD build/ST/STM32F746G-DISCO/gui/src/screen1_screen/Screen1View.o
LOAD build/ST/STM32F746G-DISCO/gui/src/model/Model.o
LOAD build/ST/STM32F746G-DISCO/gui/src/common/FrontendApplication.o
LOAD build/ST/STM32F746G-DISCO/gui/src/fingerprint_screen/FingerPrintPresenter.o
LOAD build/ST/STM32F746G-DISCO/gui/src/fingerprint_screen/FingerPrintView.o
LOAD build/ST/STM32F746G-DISCO/generated/gui_generated/src/about_me_screen_screen/About_Me_ScreenViewBase.o
LOAD build/ST/STM32F746G-DISCO/generated/gui_generated/src/screen1_screen/Screen1ViewBase.o
LOAD build/ST/STM32F746G-DISCO/generated/gui_generated/src/common/FrontendApplicationBase.o
LOAD build/ST/STM32F746G-DISCO/generated/gui_generated/src/fingerprint_screen/FingerPrintViewBase.o
LOAD build/ST/STM32F746G-DISCO/generated/fonts/src/Table_timesbd_29_4bpp.o
LOAD build/ST/STM32F746G-DISCO/generated/fonts/src/Font_verdana_11_4bpp.o
LOAD build/ST/STM32F746G-DISCO/generated/fonts/src/Font_verdana_40_4bpp.o
LOAD build/ST/STM32F746G-DISCO/generated/fonts/src/FontGetters.o
LOAD build/ST/STM32F746G-DISCO/generated/fonts/src/Font_seguisb_17_4bpp.o
LOAD build/ST/STM32F746G-DISCO/generated/fonts/src/Kerning_verdana_11_4bpp.o
LOAD build/ST/STM32F746G-DISCO/generated/fonts/src/Kerning_verdana_40_4bpp.o
LOAD build/ST/STM32F746G-DISCO/generated/fonts/src/Kerning_seguisb_17_4bpp.o
LOAD build/ST/STM32F746G-DISCO/generated/fonts/src/Font_timesbd_29_4bpp.o
LOAD build/ST/STM32F746G-DISCO/generated/fonts/src/Kerning_timesbd_29_4bpp.o
LOAD build/ST/STM32F746G-DISCO/generated/fonts/src/Table_verdana_11_4bpp.o
LOAD build/ST/STM32F746G-DISCO/generated/fonts/src/Table_verdana_40_4bpp.o
LOAD build/ST/STM32F746G-DISCO/generated/fonts/src/ApplicationFontProvider.o
LOAD build/ST/STM32F746G-DISCO/generated/fonts/src/Table_seguisb_17_4bpp.o
LOAD build/ST/STM32F746G-DISCO/generated/texts/src/LanguageGb.o
LOAD build/ST/STM32F746G-DISCO/generated/texts/src/TypedTextDatabase.o
LOAD build/ST/STM32F746G-DISCO/generated/texts/src/Texts.o
LOAD build/ST/STM32F746G-DISCO/generated/images/src/__designer/Blue_Buttons_Round_Edge_small.o
LOAD build/ST/STM32F746G-DISCO/generated/images/src/__designer/Blue_Buttons_Round_Edge_icon_button_pressed.o
LOAD build/ST/STM32F746G-DISCO/generated/images/src/__designer/Blue_Icons_News_32.o
LOAD build/ST/STM32F746G-DISCO/generated/images/src/__designer/Dark_Icons_Back_arrow_32.o
LOAD build/ST/STM32F746G-DISCO/generated/images/src/__designer/Dark_Icons_Alert_32.o
LOAD build/ST/STM32F746G-DISCO/generated/images/src/__designer/Blue_Buttons_Round_icon_button.o
LOAD build/ST/STM32F746G-DISCO/generated/images/src/__designer/Blue_Icons_eMail_48.o
LOAD build/ST/STM32F746G-DISCO/generated/images/src/__designer/Blue_Icons_User_48.o
LOAD build/ST/STM32F746G-DISCO/generated/images/src/__designer/Blue_Buttons_Round_Edge_small_pressed.o
LOAD build/ST/STM32F746G-DISCO/generated/images/src/manoj_png.o
LOAD build/ST/STM32F746G-DISCO/generated/images/src/whtasapp_icon_png.o
LOAD build/ST/STM32F746G-DISCO/generated/images/src/Under_Construction_PNG.o
LOAD build/ST/STM32F746G-DISCO/generated/images/src/BitmapDatabase.o
LOAD build/ST/STM32F746G-DISCO/touchgfx/os/FreeRTOS8.2.0/OSWrappers.o
LOAD build/ST/STM32F746G-DISCO/touchgfx/config/gcc/gccstubs.o
LOAD build/ST/STM32F746G-DISCO/target/main.o
LOAD build/ST/STM32F746G-DISCO/touchgfx/board/ST/STM32F746G-DISCO/source/bsp/STM32F7Instrumentation.o
LOAD build/ST/STM32F746G-DISCO/touchgfx/board/ST/STM32F746G-DISCO/source/bsp/STM32F746GTouchController.o
LOAD build/ST/STM32F746G-DISCO/touchgfx/framework/source/platform/hal/ST/mcu/stm32f7xx/STM32F7DMA.o
LOAD build/ST/STM32F746G-DISCO/touchgfx/framework/source/platform/hal/ST/mcu/stm32f7xx/STM32F7HAL.o
LOAD build/ST/STM32F746G-DISCO/touchgfx/framework/source/platform/core/arm/cortex-m/CortexMMCUInstrumentation.o
LOAD build/ST/STM32F746G-DISCO/touchgfx/board/ST/STM32F746G-DISCO/source/BoardConfiguration.o
LOAD build/ST/STM32F746G-DISCO/touchgfx/board/ST/STM32F746G-DISCO/source/GPIO.o
LOAD build/ST/STM32F746G-DISCO/touchgfx/os/FreeRTOS8.2.0/Source/croutine.o
LOAD build/ST/STM32F746G-DISCO/touchgfx/os/FreeRTOS8.2.0/Source/list.o
LOAD build/ST/STM32F746G-DISCO/touchgfx/os/FreeRTOS8.2.0/Source/queue.o
LOAD build/ST/STM32F746G-DISCO/touchgfx/os/FreeRTOS8.2.0/Source/tasks.o
LOAD build/ST/STM32F746G-DISCO/touchgfx/os/FreeRTOS8.2.0/Source/timers.o
LOAD build/ST/STM32F746G-DISCO/touchgfx/os/FreeRTOS8.2.0/Source/portable/MemMang/heap_2.o
LOAD build/ST/STM32F746G-DISCO/touchgfx/os/FreeRTOS8.2.0/Source/portable/GCC/ARM_CM7/port.o
LOAD build/ST/STM32F746G-DISCO/target/ST/STM32F746G-DISCO/gcc//isr.o
LOAD build/ST/STM32F746G-DISCO/touchgfx/board/ST/STM32F746G-DISCO/source/vendor/STM32746G-Discovery/stm32746g_discovery.o
LOAD build/ST/STM32F746G-DISCO/touchgfx/board/ST/STM32F746G-DISCO/source/vendor/STM32746G-Discovery/stm32746g_discovery_lcd.o
LOAD build/ST/STM32F746G-DISCO/touchgfx/board/ST/STM32F746G-DISCO/source/vendor/STM32746G-Discovery/stm32746g_discovery_sd.o
LOAD build/ST/STM32F746G-DISCO/touchgfx/board/ST/STM32F746G-DISCO/source/vendor/STM32746G-Discovery/stm32746g_discovery_sdram.o
LOAD build/ST/STM32F746G-DISCO/touchgfx/board/ST/STM32F746G-DISCO/source/vendor/STM32746G-Discovery/stm32746g_discovery_ts.o
LOAD build/ST/STM32F746G-DISCO/touchgfx/board/ST/STM32F746G-DISCO/source/vendor/STM32746G-Discovery/stm32746g_discovery_qspi.o
LOAD build/ST/STM32F746G-DISCO/touchgfx/board/ST/STM32F746G-DISCO/source/vendor/Components/ft5336/ft5336.o
LOAD build/ST/STM32F746G-DISCO/touchgfx/framework/source/platform/hal/ST/mcu/stm32f7xx/STM32F7xx_HAL_Driver/stm32f7xx_hal.o
LOAD build/ST/STM32F746G-DISCO/touchgfx/framework/source/platform/hal/ST/mcu/stm32f7xx/STM32F7xx_HAL_Driver/stm32f7xx_hal_cortex.o
LOAD build/ST/STM32F746G-DISCO/touchgfx/framework/source/platform/hal/ST/mcu/stm32f7xx/STM32F7xx_HAL_Driver/stm32f7xx_hal_dma.o
LOAD build/ST/STM32F746G-DISCO/touchgfx/framework/source/platform/hal/ST/mcu/stm32f7xx/STM32F7xx_HAL_Driver/stm32f7xx_hal_dma2d.o
LOAD build/ST/STM32F746G-DISCO/touchgfx/framework/source/platform/hal/ST/mcu/stm32f7xx/STM32F7xx_HAL_Driver/stm32f7xx_hal_dma_ex.o
LOAD build/ST/STM32F746G-DISCO/touchgfx/framework/source/platform/hal/ST/mcu/stm32f7xx/STM32F7xx_HAL_Driver/stm32f7xx_hal_gpio.o
LOAD build/ST/STM32F746G-DISCO/touchgfx/framework/source/platform/hal/ST/mcu/stm32f7xx/STM32F7xx_HAL_Driver/stm32f7xx_hal_i2c.o
LOAD build/ST/STM32F746G-DISCO/touchgfx/framework/source/platform/hal/ST/mcu/stm32f7xx/STM32F7xx_HAL_Driver/stm32f7xx_hal_ltdc.o
LOAD build/ST/STM32F746G-DISCO/touchgfx/framework/source/platform/hal/ST/mcu/stm32f7xx/STM32F7xx_HAL_Driver/stm32f7xx_hal_nor.o
LOAD build/ST/STM32F746G-DISCO/touchgfx/framework/source/platform/hal/ST/mcu/stm32f7xx/STM32F7xx_HAL_Driver/stm32f7xx_hal_pwr_ex.o
LOAD build/ST/STM32F746G-DISCO/touchgfx/framework/source/platform/hal/ST/mcu/stm32f7xx/STM32F7xx_HAL_Driver/stm32f7xx_hal_rcc.o
LOAD build/ST/STM32F746G-DISCO/touchgfx/framework/source/platform/hal/ST/mcu/stm32f7xx/STM32F7xx_HAL_Driver/stm32f7xx_hal_rcc_ex.o
LOAD build/ST/STM32F746G-DISCO/touchgfx/framework/source/platform/hal/ST/mcu/stm32f7xx/STM32F7xx_HAL_Driver/stm32f7xx_hal_sdram.o
LOAD build/ST/STM32F746G-DISCO/touchgfx/framework/source/platform/hal/ST/mcu/stm32f7xx/STM32F7xx_HAL_Driver/stm32f7xx_hal_sd.o
LOAD build/ST/STM32F746G-DISCO/touchgfx/framework/source/platform/hal/ST/mcu/stm32f7xx/STM32F7xx_HAL_Driver/stm32f7xx_hal_tim.o
LOAD build/ST/STM32F746G-DISCO/touchgfx/framework/source/platform/hal/ST/mcu/stm32f7xx/STM32F7xx_HAL_Driver/stm32f7xx_hal_qspi.o
LOAD build/ST/STM32F746G-DISCO/touchgfx/framework/source/platform/hal/ST/mcu/stm32f7xx/STM32F7xx_HAL_Driver/stm32f7xx_ll_fmc.o
LOAD build/ST/STM32F746G-DISCO/touchgfx/framework/source/platform/hal/ST/mcu/stm32f7xx/STM32F7xx_HAL_Driver/stm32f7xx_ll_sdmmc.o
LOAD build/ST/STM32F746G-DISCO/touchgfx/framework/source/platform/hal/ST/mcu/stm32f7xx/CMSIS/system_stm32f7xx.o
START GROUP
LOAD ../../../../../touchgfx/4.8.0/touchgfx/lib/core/cortex_m7/gcc\libtouchgfx.a
END GROUP
LOAD c:/touchgfx/4.8.0/env/mingw/msys/1.0/gnu-arm-gcc/bin/../lib/gcc/arm-none-eabi/4.9.3/../../../../arm-none-eabi/lib/cortex-m7/softfp/fpv5-sp-d16\libstdc++.a
LOAD c:/touchgfx/4.8.0/env/mingw/msys/1.0/gnu-arm-gcc/bin/../lib/gcc/arm-none-eabi/4.9.3/../../../../arm-none-eabi/lib/cortex-m7/softfp/fpv5-sp-d16\libm.a
START GROUP
LOAD c:/touchgfx/4.8.0/env/mingw/msys/1.0/gnu-arm-gcc/bin/../lib/gcc/arm-none-eabi/4.9.3/cortex-m7/softfp/fpv5-sp-d16\libgcc.a
LOAD c:/touchgfx/4.8.0/env/mingw/msys/1.0/gnu-arm-gcc/bin/../lib/gcc/arm-none-eabi/4.9.3/../../../../arm-none-eabi/lib/cortex-m7/softfp/fpv5-sp-d16\libg.a
LOAD c:/touchgfx/4.8.0/env/mingw/msys/1.0/gnu-arm-gcc/bin/../lib/gcc/arm-none-eabi/4.9.3/../../../../arm-none-eabi/lib/cortex-m7/softfp/fpv5-sp-d16\libc.a
END GROUP
                0x00000400                _STACKSIZE = 0x400
                0x00000200                _HEAPSIZE = 0x200

.text           0x08000000     0xf58c
 CREATE_OBJECT_SYMBOLS
 *(.isr_vectors)
 .isr_vectors   0x08000000      0x1ac build/ST/STM32F746G-DISCO/target/ST/STM32F746G-DISCO/gcc//isr.o
                0x08000000                g_pfnVectors
 *(.text .text.*)
 .text._ZN8touchgfx8Drawable11setPositionEssss
                0x080001ac       0x28 build/ST/STM32F746G-DISCO/gui/src/about_me_screen_screen/About_Me_ScreenView.o
                0x080001ac                touchgfx::Drawable::setPosition(short, short, short, short)
 .text._ZN8touchgfx8Drawable4setXEs
                0x080001d4        0x4 build/ST/STM32F746G-DISCO/gui/src/about_me_screen_screen/About_Me_ScreenView.o
                0x080001d4                touchgfx::Drawable::setX(short)
 .text._ZN8touchgfx8Drawable4setYEs
                0x080001d8        0x4 build/ST/STM32F746G-DISCO/gui/src/about_me_screen_screen/About_Me_ScreenView.o
                0x080001d8                touchgfx::Drawable::setY(short)
 .text._ZN8touchgfx8Drawable5setXYEss
                0x080001dc       0x1a build/ST/STM32F746G-DISCO/gui/src/about_me_screen_screen/About_Me_ScreenView.o
                0x080001dc                touchgfx::Drawable::setXY(short, short)
 .text._ZN8touchgfx8Drawable8setWidthEs
                0x080001f6        0x4 build/ST/STM32F746G-DISCO/gui/src/about_me_screen_screen/About_Me_ScreenView.o
                0x080001f6                touchgfx::Drawable::setWidth(short)
 .text._ZN8touchgfx8Drawable9setHeightEs
                0x080001fa        0x4 build/ST/STM32F746G-DISCO/gui/src/about_me_screen_screen/About_Me_ScreenView.o
                0x080001fa                touchgfx::Drawable::setHeight(short)
 .text._ZN8touchgfx8Drawable20childGeometryChangedEv
                0x080001fe        0x2 build/ST/STM32F746G-DISCO/gui/src/about_me_screen_screen/About_Me_ScreenView.o
                0x080001fe                touchgfx::Drawable::childGeometryChanged()
 .text._ZN8touchgfx8Drawable16handleClickEventERKNS_10ClickEventE
                0x08000200        0x2 build/ST/STM32F746G-DISCO/gui/src/about_me_screen_screen/About_Me_ScreenView.o
                0x08000200                touchgfx::Drawable::handleClickEvent(touchgfx::ClickEvent const&)
 .text._ZN8touchgfx8Drawable18handleGestureEventERKNS_12GestureEventE
                0x08000202        0x2 build/ST/STM32F746G-DISCO/gui/src/about_me_screen_screen/About_Me_ScreenView.o
                0x08000202                touchgfx::Drawable::handleGestureEvent(touchgfx::GestureEvent const&)
 .text._ZN8touchgfx8Drawable15handleDragEventERKNS_9DragEventE
                0x08000204        0x2 build/ST/STM32F746G-DISCO/gui/src/about_me_screen_screen/About_Me_ScreenView.o
                0x08000204                touchgfx::Drawable::handleDragEvent(touchgfx::DragEvent const&)
 .text._ZN8touchgfx8Drawable15handleTickEventEv
                0x08000206        0x2 build/ST/STM32F746G-DISCO/gui/src/about_me_screen_screen/About_Me_ScreenView.o
                0x08000206                touchgfx::Drawable::handleTickEvent()
 .text._ZN8touchgfx8Drawable6moveToEss
                0x08000208       0x18 build/ST/STM32F746G-DISCO/gui/src/about_me_screen_screen/About_Me_ScreenView.o
                0x08000208                touchgfx::Drawable::moveTo(short, short)
 .text._ZN8touchgfx8Drawable14setupDrawChainERKNS_4RectEPPS0_
                0x08000220       0x12 build/ST/STM32F746G-DISCO/gui/src/about_me_screen_screen/About_Me_ScreenView.o
                0x08000220                touchgfx::Drawable::setupDrawChain(touchgfx::Rect const&, touchgfx::Drawable**)
 .text._ZN8touchgfx6Screen11setupScreenEv
                0x08000232        0x2 build/ST/STM32F746G-DISCO/gui/src/about_me_screen_screen/About_Me_ScreenView.o
                0x08000232                touchgfx::Screen::setupScreen()
 .text._ZN8touchgfx6Screen15afterTransitionEv
                0x08000234        0x2 build/ST/STM32F746G-DISCO/gui/src/about_me_screen_screen/About_Me_ScreenView.o
                0x08000234                touchgfx::Screen::afterTransition()
 .text._ZN8touchgfx6Screen14tearDownScreenEv
                0x08000236        0x2 build/ST/STM32F746G-DISCO/gui/src/about_me_screen_screen/About_Me_ScreenView.o
                0x08000236                touchgfx::Screen::tearDownScreen()
 .text._ZN8touchgfx6Screen15handleTickEventEv
                0x08000238        0x2 build/ST/STM32F746G-DISCO/gui/src/about_me_screen_screen/About_Me_ScreenView.o
                0x08000238                touchgfx::Screen::handleTickEvent()
 .text._ZN8touchgfx6Screen14handleKeyEventEh
                0x0800023a        0x2 build/ST/STM32F746G-DISCO/gui/src/about_me_screen_screen/About_Me_ScreenView.o
                0x0800023a                touchgfx::Screen::handleKeyEvent(unsigned char)
 .text._ZN8touchgfx6Widget12getLastChildEssPPNS_8DrawableE
                0x0800023c       0x10 build/ST/STM32F746G-DISCO/gui/src/about_me_screen_screen/About_Me_ScreenView.o
                0x0800023c                touchgfx::Widget::getLastChild(short, short, touchgfx::Drawable**)
 .text._ZN19About_Me_ScreenView11setupScreenEv
                0x0800024c        0x2 build/ST/STM32F746G-DISCO/gui/src/about_me_screen_screen/About_Me_ScreenView.o
                0x0800024c                About_Me_ScreenView::setupScreen()
 .text._ZN19About_Me_ScreenView14tearDownScreenEv
                0x0800024e        0x2 build/ST/STM32F746G-DISCO/gui/src/about_me_screen_screen/About_Me_ScreenView.o
                0x0800024e                About_Me_ScreenView::tearDownScreen()
 .text._ZN8touchgfx8CallbackINS_16RadioButtonGroupILt1EEERKNS_14AbstractButtonEvED2Ev
                0x08000250        0x2 build/ST/STM32F746G-DISCO/gui/src/about_me_screen_screen/About_Me_ScreenView.o
                0x08000250                touchgfx::Callback<touchgfx::RadioButtonGroup<(unsigned short)1>, touchgfx::AbstractButton const&, void>::~Callback()
                0x08000250                touchgfx::Callback<touchgfx::RadioButtonGroup<(unsigned short)1>, touchgfx::AbstractButton const&, void>::~Callback()
 .text._ZN8touchgfx16RadioButtonGroupILt1EED2Ev
                0x08000252        0x2 build/ST/STM32F746G-DISCO/gui/src/about_me_screen_screen/About_Me_ScreenView.o
                0x08000252                touchgfx::RadioButtonGroup<(unsigned short)1>::~RadioButtonGroup()
                0x08000252                touchgfx::RadioButtonGroup<(unsigned short)1>::~RadioButtonGroup()
 .text._ZN8touchgfx8CallbackI23About_Me_ScreenViewBaseRKNS_14AbstractButtonEvED2Ev
                0x08000254        0x2 build/ST/STM32F746G-DISCO/gui/src/about_me_screen_screen/About_Me_ScreenView.o
                0x08000254                touchgfx::Callback<About_Me_ScreenViewBase, touchgfx::AbstractButton const&, void>::~Callback()
                0x08000254                touchgfx::Callback<About_Me_ScreenViewBase, touchgfx::AbstractButton const&, void>::~Callback()
 .text._ZNK8touchgfx16RadioButtonGroupILt1EE14getRadioButtonEt
                0x08000256       0x10 build/ST/STM32F746G-DISCO/gui/src/about_me_screen_screen/About_Me_ScreenView.o
                0x08000256                touchgfx::RadioButtonGroup<(unsigned short)1>::getRadioButton(unsigned short) const
 .text._ZNK8touchgfx16RadioButtonGroupILt1EE27getSelectedRadioButtonIndexEv
                0x08000266       0x1c build/ST/STM32F746G-DISCO/gui/src/about_me_screen_screen/About_Me_ScreenView.o
                0x08000266                touchgfx::RadioButtonGroup<(unsigned short)1>::getSelectedRadioButtonIndex() const
 .text._ZNK8touchgfx16RadioButtonGroupILt1EE22getSelectedRadioButtonEv
                0x08000282       0x20 build/ST/STM32F746G-DISCO/gui/src/about_me_screen_screen/About_Me_ScreenView.o
                0x08000282                touchgfx::RadioButtonGroup<(unsigned short)1>::getSelectedRadioButton() const
 .text._ZN8touchgfx16RadioButtonGroupILt1EE21setDeselectionEnabledEb
                0x080002a2       0x1c build/ST/STM32F746G-DISCO/gui/src/about_me_screen_screen/About_Me_ScreenView.o
                0x080002a2                touchgfx::RadioButtonGroup<(unsigned short)1>::setDeselectionEnabled(bool)
 .text._ZNK8touchgfx16RadioButtonGroupILt1EE21getDeselectionEnabledEv
                0x080002be       0x10 build/ST/STM32F746G-DISCO/gui/src/about_me_screen_screen/About_Me_ScreenView.o
                0x080002be                touchgfx::RadioButtonGroup<(unsigned short)1>::getDeselectionEnabled() const
 .text._ZN8touchgfx8CallbackINS_16RadioButtonGroupILt1EEERKNS_14AbstractButtonEvE7executeES5_
                0x080002ce       0x20 build/ST/STM32F746G-DISCO/gui/src/about_me_screen_screen/About_Me_ScreenView.o
                0x080002ce                touchgfx::Callback<touchgfx::RadioButtonGroup<(unsigned short)1>, touchgfx::AbstractButton const&, void>::execute(touchgfx::AbstractButton const&)
 .text._ZNK8touchgfx8CallbackINS_16RadioButtonGroupILt1EEERKNS_14AbstractButtonEvE7isValidEv
                0x080002ee       0x18 build/ST/STM32F746G-DISCO/gui/src/about_me_screen_screen/About_Me_ScreenView.o
                0x080002ee                touchgfx::Callback<touchgfx::RadioButtonGroup<(unsigned short)1>, touchgfx::AbstractButton const&, void>::isValid() const
 .text._ZN8touchgfx8CallbackI23About_Me_ScreenViewBaseRKNS_14AbstractButtonEvE7executeES4_
                0x08000306       0x20 build/ST/STM32F746G-DISCO/gui/src/about_me_screen_screen/About_Me_ScreenView.o
                0x08000306                touchgfx::Callback<About_Me_ScreenViewBase, touchgfx::AbstractButton const&, void>::execute(touchgfx::AbstractButton const&)
 .text._ZNK8touchgfx8CallbackI23About_Me_ScreenViewBaseRKNS_14AbstractButtonEvE7isValidEv
                0x08000326       0x18 build/ST/STM32F746G-DISCO/gui/src/about_me_screen_screen/About_Me_ScreenView.o
                0x08000326                touchgfx::Callback<About_Me_ScreenViewBase, touchgfx::AbstractButton const&, void>::isValid() const
 .text._ZN8touchgfx8CallbackI23About_Me_ScreenViewBaseRKNS_14AbstractButtonEvED0Ev
                0x0800033e        0xc build/ST/STM32F746G-DISCO/gui/src/about_me_screen_screen/About_Me_ScreenView.o
                0x0800033e                touchgfx::Callback<About_Me_ScreenViewBase, touchgfx::AbstractButton const&, void>::~Callback()
 .text._ZN8touchgfx16RadioButtonGroupILt1EED0Ev
                0x0800034a        0xc build/ST/STM32F746G-DISCO/gui/src/about_me_screen_screen/About_Me_ScreenView.o
                0x0800034a                touchgfx::RadioButtonGroup<(unsigned short)1>::~RadioButtonGroup()
 .text._ZN8touchgfx8CallbackINS_16RadioButtonGroupILt1EEERKNS_14AbstractButtonEvED0Ev
                0x08000356        0xc build/ST/STM32F746G-DISCO/gui/src/about_me_screen_screen/About_Me_ScreenView.o
                0x08000356                touchgfx::Callback<touchgfx::RadioButtonGroup<(unsigned short)1>, touchgfx::AbstractButton const&, void>::~Callback()
 .text._ZN8touchgfx16RadioButtonGroupILt1EE11setSelectedERNS_11RadioButtonE
                0x08000362       0x1c build/ST/STM32F746G-DISCO/gui/src/about_me_screen_screen/About_Me_ScreenView.o
                0x08000362                touchgfx::RadioButtonGroup<(unsigned short)1>::setSelected(touchgfx::RadioButton&)
 .text._ZN8touchgfx16RadioButtonGroupILt1EE28radioButtonDeselectedHandlerERKNS_14AbstractButtonE
                0x0800037e       0x22 build/ST/STM32F746G-DISCO/gui/src/about_me_screen_screen/About_Me_ScreenView.o
                0x0800037e                touchgfx::RadioButtonGroup<(unsigned short)1>::radioButtonDeselectedHandler(touchgfx::AbstractButton const&)
 .text._ZN8touchgfx16RadioButtonGroupILt1EE3addERNS_11RadioButtonE
                0x080003a0       0x38 build/ST/STM32F746G-DISCO/gui/src/about_me_screen_screen/About_Me_ScreenView.o
                0x080003a0                touchgfx::RadioButtonGroup<(unsigned short)1>::add(touchgfx::RadioButton&)
 .text._ZN8touchgfx16RadioButtonGroupILt1EE25radioButtonClickedHandlerERKNS_14AbstractButtonE
                0x080003d8       0x46 build/ST/STM32F746G-DISCO/gui/src/about_me_screen_screen/About_Me_ScreenView.o
                0x080003d8                touchgfx::RadioButtonGroup<(unsigned short)1>::radioButtonClickedHandler(touchgfx::AbstractButton const&)
 *fill*         0x0800041e        0x2 00000000
 .text._ZN19About_Me_ScreenViewC2Ev
                0x08000420       0x14 build/ST/STM32F746G-DISCO/gui/src/about_me_screen_screen/About_Me_ScreenView.o
                0x08000420                About_Me_ScreenView::About_Me_ScreenView()
                0x08000420                About_Me_ScreenView::About_Me_ScreenView()
 .text._ZN23About_Me_ScreenViewBaseD2Ev
                0x08000434       0x20 build/ST/STM32F746G-DISCO/gui/src/about_me_screen_screen/About_Me_ScreenView.o
                0x08000434                About_Me_ScreenViewBase::~About_Me_ScreenViewBase()
                0x08000434                About_Me_ScreenViewBase::~About_Me_ScreenViewBase()
 .text._ZN23About_Me_ScreenViewBaseD0Ev
                0x08000454       0x12 build/ST/STM32F746G-DISCO/gui/src/about_me_screen_screen/About_Me_ScreenView.o
                0x08000454                About_Me_ScreenViewBase::~About_Me_ScreenViewBase()
 *fill*         0x08000466        0x2 00000000
 .text._ZN19About_Me_ScreenViewD2Ev
                0x08000468       0x14 build/ST/STM32F746G-DISCO/gui/src/about_me_screen_screen/About_Me_ScreenView.o
                0x08000468                About_Me_ScreenView::~About_Me_ScreenView()
                0x08000468                About_Me_ScreenView::~About_Me_ScreenView()
 .text._ZN19About_Me_ScreenViewD0Ev
                0x0800047c       0x12 build/ST/STM32F746G-DISCO/gui/src/about_me_screen_screen/About_Me_ScreenView.o
                0x0800047c                About_Me_ScreenView::~About_Me_ScreenView()
 .text._ZN24About_Me_ScreenPresenterD2Ev
                0x0800048e        0x2 build/ST/STM32F746G-DISCO/gui/src/about_me_screen_screen/About_Me_ScreenPresenter.o
                0x0800048e                About_Me_ScreenPresenter::~About_Me_ScreenPresenter()
                0x0800048e                About_Me_ScreenPresenter::~About_Me_ScreenPresenter()
 .text._ZN24About_Me_ScreenPresenterD1Ev
                0x08000490        0x8 build/ST/STM32F746G-DISCO/gui/src/about_me_screen_screen/About_Me_ScreenPresenter.o
                0x08000490                non-virtual thunk to About_Me_ScreenPresenter::~About_Me_ScreenPresenter()
 .text._ZN24About_Me_ScreenPresenter8activateEv
                0x08000498        0x2 build/ST/STM32F746G-DISCO/gui/src/about_me_screen_screen/About_Me_ScreenPresenter.o
                0x08000498                About_Me_ScreenPresenter::activate()
 .text._ZN24About_Me_ScreenPresenter10deactivateEv
                0x0800049a        0x2 build/ST/STM32F746G-DISCO/gui/src/about_me_screen_screen/About_Me_ScreenPresenter.o
                0x0800049a                About_Me_ScreenPresenter::deactivate()
 .text._ZN24About_Me_ScreenPresenterD0Ev
                0x0800049c       0x12 build/ST/STM32F746G-DISCO/gui/src/about_me_screen_screen/About_Me_ScreenPresenter.o
                0x0800049c                About_Me_ScreenPresenter::~About_Me_ScreenPresenter()
                0x080004a8                non-virtual thunk to About_Me_ScreenPresenter::~About_Me_ScreenPresenter()
 *fill*         0x080004ae        0x2 00000000
 .text._ZN24About_Me_ScreenPresenterC2ER19About_Me_ScreenView
                0x080004b0       0x1c build/ST/STM32F746G-DISCO/gui/src/about_me_screen_screen/About_Me_ScreenPresenter.o
                0x080004b0                About_Me_ScreenPresenter::About_Me_ScreenPresenter(About_Me_ScreenView&)
                0x080004b0                About_Me_ScreenPresenter::About_Me_ScreenPresenter(About_Me_ScreenView&)
 .text._ZN16Screen1PresenterD2Ev
                0x080004cc        0x2 build/ST/STM32F746G-DISCO/gui/src/screen1_screen/Screen1Presenter.o
                0x080004cc                Screen1Presenter::~Screen1Presenter()
                0x080004cc                Screen1Presenter::~Screen1Presenter()
 .text._ZN16Screen1PresenterD1Ev
                0x080004ce        0x8 build/ST/STM32F746G-DISCO/gui/src/screen1_screen/Screen1Presenter.o
                0x080004ce                non-virtual thunk to Screen1Presenter::~Screen1Presenter()
 .text._ZN16Screen1Presenter8activateEv
                0x080004d6        0x2 build/ST/STM32F746G-DISCO/gui/src/screen1_screen/Screen1Presenter.o
                0x080004d6                Screen1Presenter::activate()
 .text._ZN16Screen1Presenter10deactivateEv
                0x080004d8        0x2 build/ST/STM32F746G-DISCO/gui/src/screen1_screen/Screen1Presenter.o
                0x080004d8                Screen1Presenter::deactivate()
 .text._ZN16Screen1PresenterD0Ev
                0x080004da       0x12 build/ST/STM32F746G-DISCO/gui/src/screen1_screen/Screen1Presenter.o
                0x080004da                Screen1Presenter::~Screen1Presenter()
                0x080004e6                non-virtual thunk to Screen1Presenter::~Screen1Presenter()
 .text._ZN16Screen1PresenterC2ER11Screen1View
                0x080004ec       0x1c build/ST/STM32F746G-DISCO/gui/src/screen1_screen/Screen1Presenter.o
                0x080004ec                Screen1Presenter::Screen1Presenter(Screen1View&)
                0x080004ec                Screen1Presenter::Screen1Presenter(Screen1View&)
 .text._ZNK8touchgfx8TextArea12getSolidRectEv
                0x08000508        0xc build/ST/STM32F746G-DISCO/gui/src/screen1_screen/Screen1View.o
                0x08000508                touchgfx::TextArea::getSolidRect() const
 .text._ZN8touchgfx8TextArea13setXBaselineYEss
                0x08000514       0x1a build/ST/STM32F746G-DISCO/gui/src/screen1_screen/Screen1View.o
                0x08000514                touchgfx::TextArea::setXBaselineY(short, short)
 .text._ZNK8touchgfx8TextArea7getTypeEv
                0x0800052e        0x4 build/ST/STM32F746G-DISCO/gui/src/screen1_screen/Screen1View.o
                0x0800052e                touchgfx::TextArea::getType() const
 .text._ZNK8touchgfx14AbstractButton15getPressedStateEv
                0x08000532        0x6 build/ST/STM32F746G-DISCO/gui/src/screen1_screen/Screen1View.o
                0x08000532                touchgfx::AbstractButton::getPressedState() const
 .text._ZNK8touchgfx14ButtonWithIcon7getTypeEv
                0x08000538        0x4 build/ST/STM32F746G-DISCO/gui/src/screen1_screen/Screen1View.o
                0x08000538                touchgfx::ButtonWithIcon::getType() const
 .text._ZN11Screen1View11setupScreenEv
                0x0800053c        0x2 build/ST/STM32F746G-DISCO/gui/src/screen1_screen/Screen1View.o
                0x0800053c                Screen1View::setupScreen()
 .text._ZN11Screen1View14tearDownScreenEv
                0x0800053e        0x2 build/ST/STM32F746G-DISCO/gui/src/screen1_screen/Screen1View.o
                0x0800053e                Screen1View::tearDownScreen()
 .text._ZN8touchgfx12FadeAnimatorINS_8TextAreaEED2Ev
                0x08000540        0x2 build/ST/STM32F746G-DISCO/gui/src/screen1_screen/Screen1View.o
                0x08000540                touchgfx::FadeAnimator<touchgfx::TextArea>::~FadeAnimator()
                0x08000540                touchgfx::FadeAnimator<touchgfx::TextArea>::~FadeAnimator()
 .text._ZN8touchgfx8CallbackI15Screen1ViewBaseRKNS_14AbstractButtonEvED2Ev
                0x08000542        0x2 build/ST/STM32F746G-DISCO/gui/src/screen1_screen/Screen1View.o
                0x08000542                touchgfx::Callback<Screen1ViewBase, touchgfx::AbstractButton const&, void>::~Callback()
                0x08000542                touchgfx::Callback<Screen1ViewBase, touchgfx::AbstractButton const&, void>::~Callback()
 .text._ZN8touchgfx12FadeAnimatorINS_8TextAreaEE21setFadeAnimationDelayEt
                0x08000544        0x4 build/ST/STM32F746G-DISCO/gui/src/screen1_screen/Screen1View.o
                0x08000544                touchgfx::FadeAnimator<touchgfx::TextArea>::setFadeAnimationDelay(unsigned short)
 .text._ZNK8touchgfx12FadeAnimatorINS_8TextAreaEE21getFadeAnimationDelayEv
                0x08000548        0x4 build/ST/STM32F746G-DISCO/gui/src/screen1_screen/Screen1View.o
                0x08000548                touchgfx::FadeAnimator<touchgfx::TextArea>::getFadeAnimationDelay() const
 .text._ZNK8touchgfx12FadeAnimatorINS_8TextAreaEE9isRunningEv
                0x0800054c        0x6 build/ST/STM32F746G-DISCO/gui/src/screen1_screen/Screen1View.o
                0x0800054c                touchgfx::FadeAnimator<touchgfx::TextArea>::isRunning() const
 .text._ZN8touchgfx8CallbackI15Screen1ViewBaseRKNS_14AbstractButtonEvE7executeES4_
                0x08000552       0x20 build/ST/STM32F746G-DISCO/gui/src/screen1_screen/Screen1View.o
                0x08000552                touchgfx::Callback<Screen1ViewBase, touchgfx::AbstractButton const&, void>::execute(touchgfx::AbstractButton const&)
 .text._ZNK8touchgfx8CallbackI15Screen1ViewBaseRKNS_14AbstractButtonEvE7isValidEv
                0x08000572       0x18 build/ST/STM32F746G-DISCO/gui/src/screen1_screen/Screen1View.o
                0x08000572                touchgfx::Callback<Screen1ViewBase, touchgfx::AbstractButton const&, void>::isValid() const
 .text._ZN8touchgfx12FadeAnimatorINS_8TextAreaEED0Ev
                0x0800058a        0xc build/ST/STM32F746G-DISCO/gui/src/screen1_screen/Screen1View.o
                0x0800058a                touchgfx::FadeAnimator<touchgfx::TextArea>::~FadeAnimator()
 .text._ZN8touchgfx8CallbackI15Screen1ViewBaseRKNS_14AbstractButtonEvED0Ev
                0x08000596        0xc build/ST/STM32F746G-DISCO/gui/src/screen1_screen/Screen1View.o
                0x08000596                touchgfx::Callback<Screen1ViewBase, touchgfx::AbstractButton const&, void>::~Callback()
 .text._ZN8touchgfx13ClickListenerINS_14ButtonWithIconEE16handleClickEventERKNS_10ClickEventE
                0x080005a2       0x28 build/ST/STM32F746G-DISCO/gui/src/screen1_screen/Screen1View.o
                0x080005a2                touchgfx::ClickListener<touchgfx::ButtonWithIcon>::handleClickEvent(touchgfx::ClickEvent const&)
 *fill*         0x080005ca        0x2 00000000
 .text._ZN8touchgfx8TextArea12setBaselineYEs
                0x080005cc       0x6c build/ST/STM32F746G-DISCO/gui/src/screen1_screen/Screen1View.o
                0x080005cc                touchgfx::TextArea::setBaselineY(short)
 .text._ZN8touchgfx12FadeAnimatorINS_8TextAreaEE15handleTickEventEv
                0x08000638       0x84 build/ST/STM32F746G-DISCO/gui/src/screen1_screen/Screen1View.o
                0x08000638                touchgfx::FadeAnimator<touchgfx::TextArea>::handleTickEvent()
 .text._ZN8touchgfx13ClickListenerINS_14ButtonWithIconEED2Ev
                0x080006bc        0x2 build/ST/STM32F746G-DISCO/gui/src/screen1_screen/Screen1View.o
                0x080006bc                touchgfx::ClickListener<touchgfx::ButtonWithIcon>::~ClickListener()
                0x080006bc                touchgfx::ClickListener<touchgfx::ButtonWithIcon>::~ClickListener()
 .text._ZN8touchgfx13ClickListenerINS_14ButtonWithIconEED0Ev
                0x080006be        0xc build/ST/STM32F746G-DISCO/gui/src/screen1_screen/Screen1View.o
                0x080006be                touchgfx::ClickListener<touchgfx::ButtonWithIcon>::~ClickListener()
 *fill*         0x080006ca        0x2 00000000
 .text._ZN11Screen1ViewC2Ev
                0x080006cc       0x14 build/ST/STM32F746G-DISCO/gui/src/screen1_screen/Screen1View.o
                0x080006cc                Screen1View::Screen1View()
                0x080006cc                Screen1View::Screen1View()
 .text._ZN15Screen1ViewBaseD2Ev
                0x080006e0       0x20 build/ST/STM32F746G-DISCO/gui/src/screen1_screen/Screen1View.o
                0x080006e0                Screen1ViewBase::~Screen1ViewBase()
                0x080006e0                Screen1ViewBase::~Screen1ViewBase()
 .text._ZN15Screen1ViewBaseD0Ev
                0x08000700       0x12 build/ST/STM32F746G-DISCO/gui/src/screen1_screen/Screen1View.o
                0x08000700                Screen1ViewBase::~Screen1ViewBase()
 *fill*         0x08000712        0x2 00000000
 .text._ZN11Screen1ViewD2Ev
                0x08000714       0x14 build/ST/STM32F746G-DISCO/gui/src/screen1_screen/Screen1View.o
                0x08000714                Screen1View::~Screen1View()
                0x08000714                Screen1View::~Screen1View()
 .text._ZN11Screen1ViewD0Ev
                0x08000728       0x12 build/ST/STM32F746G-DISCO/gui/src/screen1_screen/Screen1View.o
                0x08000728                Screen1View::~Screen1View()
 .text._ZN5ModelC2Ev
                0x0800073a        0x6 build/ST/STM32F746G-DISCO/gui/src/model/Model.o
                0x0800073a                Model::Model()
                0x0800073a                Model::Model()
 .text._ZN5Model4tickEv
                0x08000740        0x2 build/ST/STM32F746G-DISCO/gui/src/model/Model.o
                0x08000740                Model::tick()
 .text._ZN8touchgfx11Application15appSwitchScreenEh
                0x08000742        0x2 build/ST/STM32F746G-DISCO/gui/src/common/FrontendApplication.o
                0x08000742                touchgfx::Application::appSwitchScreen(unsigned char)
 .text._ZN23FrontendApplicationBaseD2Ev
                0x08000744        0x2 build/ST/STM32F746G-DISCO/gui/src/common/FrontendApplication.o
                0x08000744                FrontendApplicationBase::~FrontendApplicationBase()
                0x08000744                FrontendApplicationBase::~FrontendApplicationBase()
 .text._ZN19FrontendApplicationD2Ev
                0x08000746        0x2 build/ST/STM32F746G-DISCO/gui/src/common/FrontendApplication.o
                0x08000746                FrontendApplication::~FrontendApplication()
                0x08000746                FrontendApplication::~FrontendApplication()
 .text._ZN8touchgfx8CallbackI23FrontendApplicationBasevvED2Ev
                0x08000748        0x2 build/ST/STM32F746G-DISCO/gui/src/common/FrontendApplication.o
                0x08000748                touchgfx::Callback<FrontendApplicationBase, void, void>::~Callback()
                0x08000748                touchgfx::Callback<FrontendApplicationBase, void, void>::~Callback()
 .text._ZN8touchgfx8CallbackI23FrontendApplicationBasevvE7executeEv
                0x0800074a       0x1a build/ST/STM32F746G-DISCO/gui/src/common/FrontendApplication.o
                0x0800074a                touchgfx::Callback<FrontendApplicationBase, void, void>::execute()
 .text._ZNK8touchgfx8CallbackI23FrontendApplicationBasevvE7isValidEv
                0x08000764       0x18 build/ST/STM32F746G-DISCO/gui/src/common/FrontendApplication.o
                0x08000764                touchgfx::Callback<FrontendApplicationBase, void, void>::isValid() const
 .text._ZN23FrontendApplicationBaseD0Ev
                0x0800077c        0xc build/ST/STM32F746G-DISCO/gui/src/common/FrontendApplication.o
                0x0800077c                FrontendApplicationBase::~FrontendApplicationBase()
 .text._ZN19FrontendApplicationD0Ev
                0x08000788        0xc build/ST/STM32F746G-DISCO/gui/src/common/FrontendApplication.o
                0x08000788                FrontendApplication::~FrontendApplication()
 .text._ZN8touchgfx8CallbackI23FrontendApplicationBasevvED0Ev
                0x08000794        0xc build/ST/STM32F746G-DISCO/gui/src/common/FrontendApplication.o
                0x08000794                touchgfx::Callback<FrontendApplicationBase, void, void>::~Callback()
 .text._ZN19FrontendApplication15handleTickEventEv
                0x080007a0       0x16 build/ST/STM32F746G-DISCO/gui/src/common/FrontendApplication.o
                0x080007a0                FrontendApplication::handleTickEvent()
 .text._ZN8touchgfx14MVPApplication29handlePendingScreenTransitionEv
                0x080007b6       0x24 build/ST/STM32F746G-DISCO/gui/src/common/FrontendApplication.o
                0x080007b6                touchgfx::MVPApplication::handlePendingScreenTransition()
 *fill*         0x080007da        0x2 00000000
 .text._ZN19FrontendApplicationC2ER5ModelR12FrontendHeap
                0x080007dc       0x14 build/ST/STM32F746G-DISCO/gui/src/common/FrontendApplication.o
                0x080007dc                FrontendApplication::FrontendApplication(Model&, FrontendHeap&)
                0x080007dc                FrontendApplication::FrontendApplication(Model&, FrontendHeap&)
 .text._ZN23About_Me_ScreenViewBase21buttonCallbackHandlerERKN8touchgfx14AbstractButtonE
                0x080007f0       0x18 build/ST/STM32F746G-DISCO/generated/gui_generated/src/about_me_screen_screen/About_Me_ScreenViewBase.o
                0x080007f0                About_Me_ScreenViewBase::buttonCallbackHandler(touchgfx::AbstractButton const&)
 .text._ZN8touchgfx8DrawableC2Ev
                0x08000808       0x2c build/ST/STM32F746G-DISCO/generated/gui_generated/src/about_me_screen_screen/About_Me_ScreenViewBase.o
                0x08000808                touchgfx::Drawable::Drawable()
                0x08000808                touchgfx::Drawable::Drawable()
 .text._ZN8touchgfx8TextAreaC2Ev
                0x08000834       0x30 build/ST/STM32F746G-DISCO/generated/gui_generated/src/about_me_screen_screen/About_Me_ScreenViewBase.o
                0x08000834                touchgfx::TextArea::TextArea()
                0x08000834                touchgfx::TextArea::TextArea()
 .text._ZN23About_Me_ScreenViewBaseC2Ev
                0x08000864      0x34c build/ST/STM32F746G-DISCO/generated/gui_generated/src/about_me_screen_screen/About_Me_ScreenViewBase.o
                0x08000864                About_Me_ScreenViewBase::About_Me_ScreenViewBase()
                0x08000864                About_Me_ScreenViewBase::About_Me_ScreenViewBase()
 .text._ZN15Screen1ViewBase21buttonCallbackHandlerERKN8touchgfx14AbstractButtonE
                0x08000bb0       0x20 build/ST/STM32F746G-DISCO/generated/gui_generated/src/screen1_screen/Screen1ViewBase.o
                0x08000bb0                Screen1ViewBase::buttonCallbackHandler(touchgfx::AbstractButton const&)
 .text._ZN15Screen1ViewBaseC2Ev
                0x08000bd0      0x328 build/ST/STM32F746G-DISCO/generated/gui_generated/src/screen1_screen/Screen1ViewBase.o
                0x08000bd0                Screen1ViewBase::Screen1ViewBase()
                0x08000bd0                Screen1ViewBase::Screen1ViewBase()
 .text._ZN8touchgfx10Transition8tearDownEv
                0x08000ef8        0x2 build/ST/STM32F746G-DISCO/generated/gui_generated/src/common/FrontendApplicationBase.o
                0x08000ef8                touchgfx::Transition::tearDown()
 .text._ZN8touchgfx10Transition4initEv
                0x08000efa        0x2 build/ST/STM32F746G-DISCO/generated/gui_generated/src/common/FrontendApplicationBase.o
                0x08000efa                touchgfx::Transition::init()
 .text._ZN8touchgfx10Transition18setScreenContainerERNS_9ContainerE
                0x08000efc        0x4 build/ST/STM32F746G-DISCO/generated/gui_generated/src/common/FrontendApplicationBase.o
                0x08000efc                touchgfx::Transition::setScreenContainer(touchgfx::Container&)
 .text._ZN8touchgfx12NoTransitionD2Ev
                0x08000f00        0x2 build/ST/STM32F746G-DISCO/generated/gui_generated/src/common/FrontendApplicationBase.o
                0x08000f00                touchgfx::NoTransition::~NoTransition()
                0x08000f00                touchgfx::NoTransition::~NoTransition()
 .text._ZN8touchgfx12NoTransition15handleTickEventEv
                0x08000f02        0x6 build/ST/STM32F746G-DISCO/generated/gui_generated/src/common/FrontendApplicationBase.o
                0x08000f02                touchgfx::NoTransition::handleTickEvent()
 .text._ZN8touchgfx8CallbackINS_15SlideTransitionILNS_9DirectionE3EEERNS_8DrawableEvED2Ev
                0x08000f08        0x2 build/ST/STM32F746G-DISCO/generated/gui_generated/src/common/FrontendApplicationBase.o
                0x08000f08                touchgfx::Callback<touchgfx::SlideTransition<(touchgfx::Direction)3>, touchgfx::Drawable&, void>::~Callback()
                0x08000f08                touchgfx::Callback<touchgfx::SlideTransition<(touchgfx::Direction)3>, touchgfx::Drawable&, void>::~Callback()
 .text._ZN8touchgfx8CallbackINS_15SlideTransitionILNS_9DirectionE2EEERNS_8DrawableEvED2Ev
                0x08000f0a        0x2 build/ST/STM32F746G-DISCO/generated/gui_generated/src/common/FrontendApplicationBase.o
                0x08000f0a                touchgfx::Callback<touchgfx::SlideTransition<(touchgfx::Direction)2>, touchgfx::Drawable&, void>::~Callback()
                0x08000f0a                touchgfx::Callback<touchgfx::SlideTransition<(touchgfx::Direction)2>, touchgfx::Drawable&, void>::~Callback()
 .text._ZN8touchgfx8CallbackINS_15SlideTransitionILNS_9DirectionE2EEERNS_8DrawableEvE7executeES5_
                0x08000f0c       0x20 build/ST/STM32F746G-DISCO/generated/gui_generated/src/common/FrontendApplicationBase.o
                0x08000f0c                touchgfx::Callback<touchgfx::SlideTransition<(touchgfx::Direction)2>, touchgfx::Drawable&, void>::execute(touchgfx::Drawable&)
 .text._ZNK8touchgfx8CallbackINS_15SlideTransitionILNS_9DirectionE2EEERNS_8DrawableEvE7isValidEv
                0x08000f2c       0x18 build/ST/STM32F746G-DISCO/generated/gui_generated/src/common/FrontendApplicationBase.o
                0x08000f2c                touchgfx::Callback<touchgfx::SlideTransition<(touchgfx::Direction)2>, touchgfx::Drawable&, void>::isValid() const
 .text._ZN8touchgfx8CallbackINS_15SlideTransitionILNS_9DirectionE3EEERNS_8DrawableEvE7executeES5_
                0x08000f44       0x20 build/ST/STM32F746G-DISCO/generated/gui_generated/src/common/FrontendApplicationBase.o
                0x08000f44                touchgfx::Callback<touchgfx::SlideTransition<(touchgfx::Direction)3>, touchgfx::Drawable&, void>::execute(touchgfx::Drawable&)
 .text._ZNK8touchgfx8CallbackINS_15SlideTransitionILNS_9DirectionE3EEERNS_8DrawableEvE7isValidEv
                0x08000f64       0x18 build/ST/STM32F746G-DISCO/generated/gui_generated/src/common/FrontendApplicationBase.o
                0x08000f64                touchgfx::Callback<touchgfx::SlideTransition<(touchgfx::Direction)3>, touchgfx::Drawable&, void>::isValid() const
 .text._ZN8touchgfx12NoTransitionD0Ev
                0x08000f7c        0xc build/ST/STM32F746G-DISCO/generated/gui_generated/src/common/FrontendApplicationBase.o
                0x08000f7c                touchgfx::NoTransition::~NoTransition()
 .text._ZN8touchgfx8CallbackINS_15SlideTransitionILNS_9DirectionE2EEERNS_8DrawableEvED0Ev
                0x08000f88        0xc build/ST/STM32F746G-DISCO/generated/gui_generated/src/common/FrontendApplicationBase.o
                0x08000f88                touchgfx::Callback<touchgfx::SlideTransition<(touchgfx::Direction)2>, touchgfx::Drawable&, void>::~Callback()
 .text._ZN8touchgfx8CallbackINS_15SlideTransitionILNS_9DirectionE3EEERNS_8DrawableEvED0Ev
                0x08000f94        0xc build/ST/STM32F746G-DISCO/generated/gui_generated/src/common/FrontendApplicationBase.o
                0x08000f94                touchgfx::Callback<touchgfx::SlideTransition<(touchgfx::Direction)3>, touchgfx::Drawable&, void>::~Callback()
 .text._ZN8touchgfxL17prepareTransitionEPPNS_6ScreenEPPNS_9PresenterEPPNS_10TransitionE
                0x08000fa0       0x52 build/ST/STM32F746G-DISCO/generated/gui_generated/src/common/FrontendApplicationBase.o
 .text._ZN8touchgfxL18finalizeTransitionEPNS_6ScreenEPNS_9PresenterEPNS_10TransitionE
                0x08000ff2       0x34 build/ST/STM32F746G-DISCO/generated/gui_generated/src/common/FrontendApplicationBase.o
 .text._ZN8touchgfx15SlideTransitionILNS_9DirectionE3EE16tickMoveDrawableERNS_8DrawableE
                0x08001026       0x40 build/ST/STM32F746G-DISCO/generated/gui_generated/src/common/FrontendApplicationBase.o
                0x08001026                touchgfx::SlideTransition<(touchgfx::Direction)3>::tickMoveDrawable(touchgfx::Drawable&)
 .text._ZN8touchgfx15SlideTransitionILNS_9DirectionE2EE16tickMoveDrawableERNS_8DrawableE
                0x08001066       0x40 build/ST/STM32F746G-DISCO/generated/gui_generated/src/common/FrontendApplicationBase.o
                0x08001066                touchgfx::SlideTransition<(touchgfx::Direction)2>::tickMoveDrawable(touchgfx::Drawable&)
 *fill*         0x080010a6        0x2 00000000
 .text._ZN8touchgfx15SlideTransitionILNS_9DirectionE2EE8tearDownEv
                0x080010a8       0x18 build/ST/STM32F746G-DISCO/generated/gui_generated/src/common/FrontendApplicationBase.o
                0x080010a8                touchgfx::SlideTransition<(touchgfx::Direction)2>::tearDown()
 .text._ZN8touchgfx15SlideTransitionILNS_9DirectionE2EE16initMoveDrawableERNS_8DrawableE
                0x080010c0       0x68 build/ST/STM32F746G-DISCO/generated/gui_generated/src/common/FrontendApplicationBase.o
                0x080010c0                touchgfx::SlideTransition<(touchgfx::Direction)2>::initMoveDrawable(touchgfx::Drawable&)
 .text._ZN8touchgfx15SlideTransitionILNS_9DirectionE3EE8tearDownEv
                0x08001128       0x18 build/ST/STM32F746G-DISCO/generated/gui_generated/src/common/FrontendApplicationBase.o
                0x08001128                touchgfx::SlideTransition<(touchgfx::Direction)3>::tearDown()
 .text._ZN8touchgfx15SlideTransitionILNS_9DirectionE3EE16initMoveDrawableERNS_8DrawableE
                0x08001140       0x68 build/ST/STM32F746G-DISCO/generated/gui_generated/src/common/FrontendApplicationBase.o
                0x08001140                touchgfx::SlideTransition<(touchgfx::Direction)3>::initMoveDrawable(touchgfx::Drawable&)
 .text._ZN8touchgfx15SlideTransitionILNS_9DirectionE2EE15handleTickEventEv
                0x080011a8       0xb4 build/ST/STM32F746G-DISCO/generated/gui_generated/src/common/FrontendApplicationBase.o
                0x080011a8                touchgfx::SlideTransition<(touchgfx::Direction)2>::handleTickEvent()
 .text._ZN8touchgfx15SlideTransitionILNS_9DirectionE3EE15handleTickEventEv
                0x0800125c       0xb4 build/ST/STM32F746G-DISCO/generated/gui_generated/src/common/FrontendApplicationBase.o
                0x0800125c                touchgfx::SlideTransition<(touchgfx::Direction)3>::handleTickEvent()
 .text._ZN8touchgfx15SlideTransitionILNS_9DirectionE3EE4initEv
                0x08001310       0x3c build/ST/STM32F746G-DISCO/generated/gui_generated/src/common/FrontendApplicationBase.o
                0x08001310                touchgfx::SlideTransition<(touchgfx::Direction)3>::init()
 .text._ZN8touchgfx15SlideTransitionILNS_9DirectionE2EE4initEv
                0x0800134c       0x3c build/ST/STM32F746G-DISCO/generated/gui_generated/src/common/FrontendApplicationBase.o
                0x0800134c                touchgfx::SlideTransition<(touchgfx::Direction)2>::init()
 .text._ZN23FrontendApplicationBaseC2ER5ModelR12FrontendHeap
                0x08001388       0x48 build/ST/STM32F746G-DISCO/generated/gui_generated/src/common/FrontendApplicationBase.o
                0x08001388                FrontendApplicationBase::FrontendApplicationBase(Model&, FrontendHeap&)
                0x08001388                FrontendApplicationBase::FrontendApplicationBase(Model&, FrontendHeap&)
 .text._ZN23FrontendApplicationBase29gotoScreen1ScreenNoTransitionEv
                0x080013d0       0x20 build/ST/STM32F746G-DISCO/generated/gui_generated/src/common/FrontendApplicationBase.o
                0x080013d0                FrontendApplicationBase::gotoScreen1ScreenNoTransition()
 .text._ZN23FrontendApplicationBase36gotoScreen1ScreenSlideTransitionWestEv
                0x080013f0       0x20 build/ST/STM32F746G-DISCO/generated/gui_generated/src/common/FrontendApplicationBase.o
                0x080013f0                FrontendApplicationBase::gotoScreen1ScreenSlideTransitionWest()
 .text._ZN23FrontendApplicationBase44gotoAbout_Me_ScreenScreenSlideTransitionEastEv
                0x08001410       0x20 build/ST/STM32F746G-DISCO/generated/gui_generated/src/common/FrontendApplicationBase.o
                0x08001410                FrontendApplicationBase::gotoAbout_Me_ScreenScreenSlideTransitionEast()
 .text._ZN8touchgfx14makeTransitionI11Screen1View16Screen1PresenterNS_12NoTransitionE5ModelEEPT0_PPNS_6ScreenEPPNS_9PresenterERNS_7MVPHeapEPPNS_10TransitionEPT2_
                0x08001430       0xe0 build/ST/STM32F746G-DISCO/generated/gui_generated/src/common/FrontendApplicationBase.o
                0x08001430                Screen1Presenter* touchgfx::makeTransition<Screen1View, Screen1Presenter, touchgfx::NoTransition, Model>(touchgfx::Screen**, touchgfx::Presenter**, touchgfx::MVPHeap&, touchgfx::Transition**, Model*)
 .text._ZN23FrontendApplicationBase33gotoScreen1ScreenNoTransitionImplEv
                0x08001510       0x28 build/ST/STM32F746G-DISCO/generated/gui_generated/src/common/FrontendApplicationBase.o
                0x08001510                FrontendApplicationBase::gotoScreen1ScreenNoTransitionImpl()
 .text._ZN8touchgfx15SlideTransitionILNS_9DirectionE2EED2Ev
                0x08001538       0x18 build/ST/STM32F746G-DISCO/generated/gui_generated/src/common/FrontendApplicationBase.o
                0x08001538                touchgfx::SlideTransition<(touchgfx::Direction)2>::~SlideTransition()
                0x08001538                touchgfx::SlideTransition<(touchgfx::Direction)2>::~SlideTransition()
 .text._ZN8touchgfx15SlideTransitionILNS_9DirectionE2EED0Ev
                0x08001550       0x12 build/ST/STM32F746G-DISCO/generated/gui_generated/src/common/FrontendApplicationBase.o
                0x08001550                touchgfx::SlideTransition<(touchgfx::Direction)2>::~SlideTransition()
 *fill*         0x08001562        0x2 00000000
 .text._ZN8touchgfx15SlideTransitionILNS_9DirectionE3EED2Ev
                0x08001564       0x18 build/ST/STM32F746G-DISCO/generated/gui_generated/src/common/FrontendApplicationBase.o
                0x08001564                touchgfx::SlideTransition<(touchgfx::Direction)3>::~SlideTransition()
                0x08001564                touchgfx::SlideTransition<(touchgfx::Direction)3>::~SlideTransition()
 .text._ZN8touchgfx15SlideTransitionILNS_9DirectionE3EED0Ev
                0x0800157c       0x12 build/ST/STM32F746G-DISCO/generated/gui_generated/src/common/FrontendApplicationBase.o
                0x0800157c                touchgfx::SlideTransition<(touchgfx::Direction)3>::~SlideTransition()
 *fill*         0x0800158e        0x2 00000000
 .text._ZN8touchgfx14makeTransitionI19About_Me_ScreenView24About_Me_ScreenPresenterNS_15SlideTransitionILNS_9DirectionE2EEE5ModelEEPT0_PPNS_6ScreenEPPNS_9PresenterERNS_7MVPHeapEPPNS_10TransitionEPT2_
                0x08001590      0x178 build/ST/STM32F746G-DISCO/generated/gui_generated/src/common/FrontendApplicationBase.o
                0x08001590                About_Me_ScreenPresenter* touchgfx::makeTransition<About_Me_ScreenView, About_Me_ScreenPresenter, touchgfx::SlideTransition<(touchgfx::Direction)2>, Model>(touchgfx::Screen**, touchgfx::Presenter**, touchgfx::MVPHeap&, touchgfx::Transition**, Model*)
 .text._ZN23FrontendApplicationBase48gotoAbout_Me_ScreenScreenSlideTransitionEastImplEv
                0x08001708       0x28 build/ST/STM32F746G-DISCO/generated/gui_generated/src/common/FrontendApplicationBase.o
                0x08001708                FrontendApplicationBase::gotoAbout_Me_ScreenScreenSlideTransitionEastImpl()
 .text._ZN8touchgfx14makeTransitionI11Screen1View16Screen1PresenterNS_15SlideTransitionILNS_9DirectionE3EEE5ModelEEPT0_PPNS_6ScreenEPPNS_9PresenterERNS_7MVPHeapEPPNS_10TransitionEPT2_
                0x08001730      0x178 build/ST/STM32F746G-DISCO/generated/gui_generated/src/common/FrontendApplicationBase.o
                0x08001730                Screen1Presenter* touchgfx::makeTransition<Screen1View, Screen1Presenter, touchgfx::SlideTransition<(touchgfx::Direction)3>, Model>(touchgfx::Screen**, touchgfx::Presenter**, touchgfx::MVPHeap&, touchgfx::Transition**, Model*)
 .text._ZN23FrontendApplicationBase40gotoScreen1ScreenSlideTransitionWestImplEv
                0x080018a8       0x28 build/ST/STM32F746G-DISCO/generated/gui_generated/src/common/FrontendApplicationBase.o
                0x080018a8                FrontendApplicationBase::gotoScreen1ScreenSlideTransitionWestImpl()
 .text._ZN8touchgfx17InternalFlashFontD2Ev
                0x080018d0        0x2 build/ST/STM32F746G-DISCO/generated/fonts/src/FontGetters.o
                0x080018d0                touchgfx::InternalFlashFont::~InternalFlashFont()
                0x080018d0                touchgfx::InternalFlashFont::~InternalFlashFont()
 *fill*         0x080018d2        0x2 00000000
 .text._Z23getFont_seguisb_17_4bppv
                0x080018d4       0x70 build/ST/STM32F746G-DISCO/generated/fonts/src/FontGetters.o
                0x080018d4                getFont_seguisb_17_4bpp()
 .text._Z23getFont_timesbd_29_4bppv
                0x08001944       0x6c build/ST/STM32F746G-DISCO/generated/fonts/src/FontGetters.o
                0x08001944                getFont_timesbd_29_4bpp()
 .text._Z23getFont_verdana_11_4bppv
                0x080019b0       0x70 build/ST/STM32F746G-DISCO/generated/fonts/src/FontGetters.o
                0x080019b0                getFont_verdana_11_4bpp()
 .text._Z23getFont_verdana_40_4bppv
                0x08001a20       0x6c build/ST/STM32F746G-DISCO/generated/fonts/src/FontGetters.o
                0x08001a20                getFont_verdana_40_4bpp()
 .text._ZN8touchgfx17InternalFlashFontD0Ev
                0x08001a8c        0xc build/ST/STM32F746G-DISCO/generated/fonts/src/FontGetters.o
                0x08001a8c                touchgfx::InternalFlashFont::~InternalFlashFont()
 .text._ZN23ApplicationFontProviderD2Ev
                0x08001a98        0x2 build/ST/STM32F746G-DISCO/generated/fonts/src/ApplicationFontProvider.o
                0x08001a98                ApplicationFontProvider::~ApplicationFontProvider()
                0x08001a98                ApplicationFontProvider::~ApplicationFontProvider()
 .text._ZN23ApplicationFontProvider7getFontEt
                0x08001a9a       0x20 build/ST/STM32F746G-DISCO/generated/fonts/src/ApplicationFontProvider.o
                0x08001a9a                ApplicationFontProvider::getFont(unsigned short)
 .text._ZN23ApplicationFontProviderD0Ev
                0x08001aba        0xc build/ST/STM32F746G-DISCO/generated/fonts/src/ApplicationFontProvider.o
                0x08001aba                ApplicationFontProvider::~ApplicationFontProvider()
 *fill*         0x08001ac6        0x2 00000000
 .text._ZN17TypedTextDatabase11getInstanceEt
                0x08001ac8        0x8 build/ST/STM32F746G-DISCO/generated/texts/src/TypedTextDatabase.o
                0x08001ac8                TypedTextDatabase::getInstance(unsigned short)
 .text._ZN17TypedTextDatabase15getInstanceSizeEv
                0x08001ad0        0x4 build/ST/STM32F746G-DISCO/generated/texts/src/TypedTextDatabase.o
                0x08001ad0                TypedTextDatabase::getInstanceSize()
 .text._ZN17TypedTextDatabase8getFontsEv
                0x08001ad4        0x8 build/ST/STM32F746G-DISCO/generated/texts/src/TypedTextDatabase.o
                0x08001ad4                TypedTextDatabase::getFonts()
 .text.startup._GLOBAL__sub_I__ZN17TypedTextDatabase11getInstanceEt
                0x08001adc       0x24 build/ST/STM32F746G-DISCO/generated/texts/src/TypedTextDatabase.o
 .text._ZN8touchgfx5Texts11setLanguageEt
                0x08001b00       0x44 build/ST/STM32F746G-DISCO/generated/texts/src/Texts.o
                0x08001b00                touchgfx::Texts::setLanguage(unsigned short)
 .text.startup._GLOBAL__sub_I__ZN8touchgfx4Font22getStringWidthFunctionE
                0x08001b44       0x10 build/ST/STM32F746G-DISCO/generated/texts/src/Texts.o
 .text._ZN14BitmapDatabase11getInstanceEv
                0x08001b54        0x8 build/ST/STM32F746G-DISCO/generated/images/src/BitmapDatabase.o
                0x08001b54                BitmapDatabase::getInstance()
 .text._ZN14BitmapDatabase15getInstanceSizeEv
                0x08001b5c        0x4 build/ST/STM32F746G-DISCO/generated/images/src/BitmapDatabase.o
                0x08001b5c                BitmapDatabase::getInstanceSize()
 .text._ZL12IdleTaskHookPv
                0x08001b60       0x18 build/ST/STM32F746G-DISCO/touchgfx/os/FreeRTOS8.2.0/OSWrappers.o
 .text._ZN8touchgfx10OSWrappers10initializeEv
                0x08001b78       0x34 build/ST/STM32F746G-DISCO/touchgfx/os/FreeRTOS8.2.0/OSWrappers.o
                0x08001b78                touchgfx::OSWrappers::initialize()
 .text._ZN8touchgfx10OSWrappers24takeFrameBufferSemaphoreEv
                0x08001bac       0x14 build/ST/STM32F746G-DISCO/touchgfx/os/FreeRTOS8.2.0/OSWrappers.o
                0x08001bac                touchgfx::OSWrappers::takeFrameBufferSemaphore()
 .text._ZN8touchgfx10OSWrappers24giveFrameBufferSemaphoreEv
                0x08001bc0       0x14 build/ST/STM32F746G-DISCO/touchgfx/os/FreeRTOS8.2.0/OSWrappers.o
                0x08001bc0                touchgfx::OSWrappers::giveFrameBufferSemaphore()
 .text._ZN8touchgfx10OSWrappers27tryTakeFrameBufferSemaphoreEv
                0x08001bd4       0x14 build/ST/STM32F746G-DISCO/touchgfx/os/FreeRTOS8.2.0/OSWrappers.o
                0x08001bd4                touchgfx::OSWrappers::tryTakeFrameBufferSemaphore()
 .text._ZN8touchgfx10OSWrappers31giveFrameBufferSemaphoreFromISREv
                0x08001be8       0x34 build/ST/STM32F746G-DISCO/touchgfx/os/FreeRTOS8.2.0/OSWrappers.o
                0x08001be8                touchgfx::OSWrappers::giveFrameBufferSemaphoreFromISR()
 .text._ZN8touchgfx10OSWrappers11signalVSyncEv
                0x08001c1c       0x3c build/ST/STM32F746G-DISCO/touchgfx/os/FreeRTOS8.2.0/OSWrappers.o
                0x08001c1c                touchgfx::OSWrappers::signalVSync()
 .text._ZN8touchgfx10OSWrappers12waitForVSyncEv
                0x08001c58       0x2c build/ST/STM32F746G-DISCO/touchgfx/os/FreeRTOS8.2.0/OSWrappers.o
                0x08001c58                touchgfx::OSWrappers::waitForVSync()
 .text.vApplicationStackOverflowHook
                0x08001c84        0x2 build/ST/STM32F746G-DISCO/touchgfx/os/FreeRTOS8.2.0/OSWrappers.o
                0x08001c84                vApplicationStackOverflowHook
 .text.vApplicationMallocFailedHook
                0x08001c86        0x2 build/ST/STM32F746G-DISCO/touchgfx/os/FreeRTOS8.2.0/OSWrappers.o
                0x08001c86                vApplicationMallocFailedHook
 .text.vApplicationIdleHook
                0x08001c88        0xc build/ST/STM32F746G-DISCO/touchgfx/os/FreeRTOS8.2.0/OSWrappers.o
                0x08001c88                vApplicationIdleHook
 .text.__cxa_atexit
                0x08001c94        0x2 build/ST/STM32F746G-DISCO/touchgfx/config/gcc/gccstubs.o
                0x08001c94                __cxa_atexit
 .text.__cxa_guard_acquire
                0x08001c96        0x2 build/ST/STM32F746G-DISCO/touchgfx/config/gcc/gccstubs.o
                0x08001c96                __cxa_guard_acquire
 .text.__cxa_guard_release
                0x08001c98        0x2 build/ST/STM32F746G-DISCO/touchgfx/config/gcc/gccstubs.o
                0x08001c98                __cxa_guard_release
 .text.__cxa_pure_virtual
                0x08001c9a        0x2 build/ST/STM32F746G-DISCO/touchgfx/config/gcc/gccstubs.o
                0x08001c9a                __cxa_pure_virtual
 .text._sbrk    0x08001c9c       0x2c build/ST/STM32F746G-DISCO/touchgfx/config/gcc/gccstubs.o
                0x08001c9c                _sbrk
 .text.__assert_func
                0x08001cc8        0x2 build/ST/STM32F746G-DISCO/touchgfx/config/gcc/gccstubs.o
                0x08001cc8                __assert_func
 *fill*         0x08001cca        0x2 00000000
 .text._ZL7GUITaskPv
                0x08001ccc       0x10 build/ST/STM32F746G-DISCO/target/main.o
 .text.startup.main
                0x08001cdc       0x30 build/ST/STM32F746G-DISCO/target/main.o
                0x08001cdc                main
 .text._ZN8touchgfx18MCUInstrumentation13getCCConsumedEv
                0x08001d0c        0x4 build/ST/STM32F746G-DISCO/touchgfx/board/ST/STM32F746G-DISCO/source/bsp/STM32F7Instrumentation.o
                0x08001d0c                touchgfx::MCUInstrumentation::getCCConsumed()
 .text._ZN8touchgfx18MCUInstrumentation13setCCConsumedEm
                0x08001d10        0x4 build/ST/STM32F746G-DISCO/touchgfx/board/ST/STM32F746G-DISCO/source/bsp/STM32F7Instrumentation.o
                0x08001d10                touchgfx::MCUInstrumentation::setCCConsumed(unsigned long)
 .text._ZN8touchgfx22STM32F7Instrumentation12getElapsedUSEjjj
                0x08001d14        0xc build/ST/STM32F746G-DISCO/touchgfx/board/ST/STM32F746G-DISCO/source/bsp/STM32F7Instrumentation.o
                0x08001d14                touchgfx::STM32F7Instrumentation::getElapsedUS(unsigned int, unsigned int, unsigned int)
 .text._ZN8touchgfx22STM32F7Instrumentation12getCPUCyclesEv
                0x08001d20       0x10 build/ST/STM32F746G-DISCO/touchgfx/board/ST/STM32F746G-DISCO/source/bsp/STM32F7Instrumentation.o
                0x08001d20                touchgfx::STM32F7Instrumentation::getCPUCycles()
 .text._ZN8touchgfx22STM32F7InstrumentationD2Ev
                0x08001d30        0x2 build/ST/STM32F746G-DISCO/touchgfx/board/ST/STM32F746G-DISCO/source/bsp/STM32F7Instrumentation.o
                0x08001d30                touchgfx::STM32F7Instrumentation::~STM32F7Instrumentation()
                0x08001d30                touchgfx::STM32F7Instrumentation::~STM32F7Instrumentation()
 *fill*         0x08001d32        0x2 00000000
 .text._ZN8touchgfx22STM32F7Instrumentation4initEv
                0x08001d34       0x48 build/ST/STM32F746G-DISCO/touchgfx/board/ST/STM32F746G-DISCO/source/bsp/STM32F7Instrumentation.o
                0x08001d34                touchgfx::STM32F7Instrumentation::init()
 .text._ZN8touchgfx22STM32F7InstrumentationD0Ev
                0x08001d7c        0xc build/ST/STM32F746G-DISCO/touchgfx/board/ST/STM32F746G-DISCO/source/bsp/STM32F7Instrumentation.o
                0x08001d7c                touchgfx::STM32F7Instrumentation::~STM32F7Instrumentation()
 .text._ZN8touchgfx22STM32F7Instrumentation12setMCUActiveEb
                0x08001d88       0x1e build/ST/STM32F746G-DISCO/touchgfx/board/ST/STM32F746G-DISCO/source/bsp/STM32F7Instrumentation.o
                0x08001d88                touchgfx::STM32F7Instrumentation::setMCUActive(bool)
 .text._ZN8touchgfx25STM32F746GTouchControllerD2Ev
                0x08001da6        0x2 build/ST/STM32F746G-DISCO/touchgfx/board/ST/STM32F746G-DISCO/source/bsp/STM32F746GTouchController.o
                0x08001da6                touchgfx::STM32F746GTouchController::~STM32F746GTouchController()
                0x08001da6                touchgfx::STM32F746GTouchController::~STM32F746GTouchController()
 .text._ZN8touchgfx25STM32F746GTouchController4initEv
                0x08001da8       0x1e build/ST/STM32F746G-DISCO/touchgfx/board/ST/STM32F746G-DISCO/source/bsp/STM32F746GTouchController.o
                0x08001da8                touchgfx::STM32F746GTouchController::init()
 .text._ZN8touchgfx25STM32F746GTouchControllerD0Ev
                0x08001dc6        0xc build/ST/STM32F746G-DISCO/touchgfx/board/ST/STM32F746G-DISCO/source/bsp/STM32F746GTouchController.o
                0x08001dc6                touchgfx::STM32F746GTouchController::~STM32F746GTouchController()
 .text._ZN8touchgfx25STM32F746GTouchController11sampleTouchERlS1_
                0x08001dd2       0x2e build/ST/STM32F746G-DISCO/touchgfx/board/ST/STM32F746G-DISCO/source/bsp/STM32F746GTouchController.o
                0x08001dd2                touchgfx::STM32F746GTouchController::sampleTouch(long&, long&)
 .text._ZN8touchgfx13DMA_Interface5flushEv
                0x08001e00        0x6 build/ST/STM32F746G-DISCO/touchgfx/framework/source/platform/hal/ST/mcu/stm32f7xx/STM32F7DMA.o
                0x08001e00                touchgfx::DMA_Interface::flush()
 .text._ZN10STM32F7DMA18signalDMAInterruptEv
                0x08001e06        0x6 build/ST/STM32F746G-DISCO/touchgfx/framework/source/platform/hal/ST/mcu/stm32f7xx/STM32F7DMA.o
                0x08001e06                STM32F7DMA::signalDMAInterrupt()
 .text.SCB_CleanInvalidateDCache
                0x08001e0c       0x48 build/ST/STM32F746G-DISCO/touchgfx/framework/source/platform/hal/ST/mcu/stm32f7xx/STM32F7DMA.o
 .text._ZN10STM32F7DMAD2Ev
                0x08001e54        0x2 build/ST/STM32F746G-DISCO/touchgfx/framework/source/platform/hal/ST/mcu/stm32f7xx/STM32F7DMA.o
                0x08001e54                STM32F7DMA::~STM32F7DMA()
                0x08001e54                STM32F7DMA::~STM32F7DMA()
 *fill*         0x08001e56        0x2 00000000
 .text._ZN10STM32F7DMA10initializeEv
                0x08001e58       0x18 build/ST/STM32F746G-DISCO/touchgfx/framework/source/platform/hal/ST/mcu/stm32f7xx/STM32F7DMA.o
                0x08001e58                STM32F7DMA::initialize()
 .text._ZN10STM32F7DMA11getBlitCapsEv
                0x08001e70       0x14 build/ST/STM32F746G-DISCO/touchgfx/framework/source/platform/hal/ST/mcu/stm32f7xx/STM32F7DMA.o
                0x08001e70                STM32F7DMA::getBlitCaps()
 .text._ZN10STM32F7DMAD0Ev
                0x08001e84        0xc build/ST/STM32F746G-DISCO/touchgfx/framework/source/platform/hal/ST/mcu/stm32f7xx/STM32F7DMA.o
                0x08001e84                STM32F7DMA::~STM32F7DMA()
 .text._ZN10STM32F7DMA18setupFillWithAlphaERKN8touchgfx6BlitOpE
                0x08001e90      0x124 build/ST/STM32F746G-DISCO/touchgfx/framework/source/platform/hal/ST/mcu/stm32f7xx/STM32F7DMA.o
                0x08001e90                STM32F7DMA::setupFillWithAlpha(touchgfx::BlitOp const&)
 .text._ZN10STM32F7DMA13setupDataCopyERKN8touchgfx6BlitOpE
                0x08001fb4      0x1b4 build/ST/STM32F746G-DISCO/touchgfx/framework/source/platform/hal/ST/mcu/stm32f7xx/STM32F7DMA.o
                0x08001fb4                STM32F7DMA::setupDataCopy(touchgfx::BlitOp const&)
 .text._ZN10STM32F7DMA13setupDataFillERKN8touchgfx6BlitOpE
                0x08002168      0x104 build/ST/STM32F746G-DISCO/touchgfx/framework/source/platform/hal/ST/mcu/stm32f7xx/STM32F7DMA.o
                0x08002168                STM32F7DMA::setupDataFill(touchgfx::BlitOp const&)
 .text._ZN10STM32F7DMAC2Ev
                0x0800226c       0x4c build/ST/STM32F746G-DISCO/touchgfx/framework/source/platform/hal/ST/mcu/stm32f7xx/STM32F7DMA.o
                0x0800226c                STM32F7DMA::STM32F7DMA()
                0x0800226c                STM32F7DMA::STM32F7DMA()
 .text._ZN8touchgfx3HAL21setDisplayOrientationENS_18DisplayOrientationE
                0x080022b8        0xc build/ST/STM32F746G-DISCO/touchgfx/framework/source/platform/hal/ST/mcu/stm32f7xx/STM32F7HAL.o
                0x080022b8                touchgfx::HAL::setDisplayOrientation(touchgfx::DisplayOrientation)
 .text._ZN8touchgfx3HAL11getBlitCapsEv
                0x080022c4        0x8 build/ST/STM32F746G-DISCO/touchgfx/framework/source/platform/hal/ST/mcu/stm32f7xx/STM32F7HAL.o
                0x080022c4                touchgfx::HAL::getBlitCaps()
 .text._ZN8touchgfx3HAL9sampleKeyERh
                0x080022cc        0x4 build/ST/STM32F746G-DISCO/touchgfx/framework/source/platform/hal/ST/mcu/stm32f7xx/STM32F7HAL.o
                0x080022cc                touchgfx::HAL::sampleKey(unsigned char&)
 .text._ZN8touchgfx3HAL9taskDelayEt
                0x080022d0        0xa build/ST/STM32F746G-DISCO/touchgfx/framework/source/platform/hal/ST/mcu/stm32f7xx/STM32F7HAL.o
                0x080022d0                touchgfx::HAL::taskDelay(unsigned short)
 *fill*         0x080022da        0x2 00000000
 .text.SCB_CleanInvalidateDCache
                0x080022dc       0x48 build/ST/STM32F746G-DISCO/touchgfx/framework/source/platform/hal/ST/mcu/stm32f7xx/STM32F7HAL.o
 .text._ZNK10STM32F7HAL17getTFTFrameBufferEv
                0x08002324        0xc build/ST/STM32F746G-DISCO/touchgfx/framework/source/platform/hal/ST/mcu/stm32f7xx/STM32F7HAL.o
                0x08002324                STM32F7HAL::getTFTFrameBuffer() const
 .text._ZN10STM32F7HAL17setTFTFrameBufferEPt
                0x08002330       0x10 build/ST/STM32F746G-DISCO/touchgfx/framework/source/platform/hal/ST/mcu/stm32f7xx/STM32F7HAL.o
                0x08002330                STM32F7HAL::setTFTFrameBuffer(unsigned short*)
 .text._ZN10STM32F7HAL17getTFTCurrentLineEv
                0x08002340       0x20 build/ST/STM32F746G-DISCO/touchgfx/framework/source/platform/hal/ST/mcu/stm32f7xx/STM32F7HAL.o
                0x08002340                STM32F7HAL::getTFTCurrentLine()
 .text._ZN10STM32F7HAL28enableLCDControllerInterruptEv
                0x08002360       0x30 build/ST/STM32F746G-DISCO/touchgfx/framework/source/platform/hal/ST/mcu/stm32f7xx/STM32F7HAL.o
                0x08002360                STM32F7HAL::enableLCDControllerInterrupt()
 .text._ZN10STM32F7HALD2Ev
                0x08002390        0x2 build/ST/STM32F746G-DISCO/touchgfx/framework/source/platform/hal/ST/mcu/stm32f7xx/STM32F7HAL.o
                0x08002390                STM32F7HAL::~STM32F7HAL()
                0x08002390                STM32F7HAL::~STM32F7HAL()
 .text._ZN10STM32F7HAL16flushFrameBufferERKN8touchgfx4RectE
                0x08002392        0xe build/ST/STM32F746G-DISCO/touchgfx/framework/source/platform/hal/ST/mcu/stm32f7xx/STM32F7HAL.o
                0x08002392                STM32F7HAL::flushFrameBuffer(touchgfx::Rect const&)
 .text._ZN8touchgfx3HAL15backPorchExitedEv
                0x080023a0       0x14 build/ST/STM32F746G-DISCO/touchgfx/framework/source/platform/hal/ST/mcu/stm32f7xx/STM32F7HAL.o
                0x080023a0                touchgfx::HAL::backPorchExited()
 .text._ZN10STM32F7HAL16flushFrameBufferEv
                0x080023b4        0x4 build/ST/STM32F746G-DISCO/touchgfx/framework/source/platform/hal/ST/mcu/stm32f7xx/STM32F7HAL.o
                0x080023b4                STM32F7HAL::flushFrameBuffer()
 .text._ZN10STM32F7HALD0Ev
                0x080023b8        0xc build/ST/STM32F746G-DISCO/touchgfx/framework/source/platform/hal/ST/mcu/stm32f7xx/STM32F7HAL.o
                0x080023b8                STM32F7HAL::~STM32F7HAL()
 .text._ZN8touchgfx3HAL31performDisplayOrientationChangeEv
                0x080023c4       0x5c build/ST/STM32F746G-DISCO/touchgfx/framework/source/platform/hal/ST/mcu/stm32f7xx/STM32F7HAL.o
                0x080023c4                touchgfx::HAL::performDisplayOrientationChange()
 .text._ZN8touchgfx3HAL28setFrameBufferStartAddressesEPvS1_S1_
                0x08002420       0x44 build/ST/STM32F746G-DISCO/touchgfx/framework/source/platform/hal/ST/mcu/stm32f7xx/STM32F7HAL.o
                0x08002420                touchgfx::HAL::setFrameBufferStartAddresses(void*, void*, void*)
 .text._ZN8touchgfx3HAL26setFrameBufferStartAddressEPvtbb
                0x08002464       0x84 build/ST/STM32F746G-DISCO/touchgfx/framework/source/platform/hal/ST/mcu/stm32f7xx/STM32F7HAL.o
                0x08002464                touchgfx::HAL::setFrameBufferStartAddress(void*, unsigned short, bool, bool)
 .text._ZN10STM32F7HAL19configureInterruptsEv
                0x080024e8       0x14 build/ST/STM32F746G-DISCO/touchgfx/framework/source/platform/hal/ST/mcu/stm32f7xx/STM32F7HAL.o
                0x080024e8                STM32F7HAL::configureInterrupts()
 .text._ZN10STM32F7HAL17disableInterruptsEv
                0x080024fc       0x18 build/ST/STM32F746G-DISCO/touchgfx/framework/source/platform/hal/ST/mcu/stm32f7xx/STM32F7HAL.o
                0x080024fc                STM32F7HAL::disableInterrupts()
 .text._ZN10STM32F7HAL16enableInterruptsEv
                0x08002514       0x14 build/ST/STM32F746G-DISCO/touchgfx/framework/source/platform/hal/ST/mcu/stm32f7xx/STM32F7HAL.o
                0x08002514                STM32F7HAL::enableInterrupts()
 .text.LTDC_IRQHandler
                0x08002528       0x68 build/ST/STM32F746G-DISCO/touchgfx/framework/source/platform/hal/ST/mcu/stm32f7xx/STM32F7HAL.o
                0x08002528                LTDC_IRQHandler
 .text.DMA2D_IRQHandler
                0x08002590       0x2c build/ST/STM32F746G-DISCO/touchgfx/framework/source/platform/hal/ST/mcu/stm32f7xx/STM32F7HAL.o
                0x08002590                DMA2D_IRQHandler
 .text._ZN8touchgfx8LCD16bppD2Ev
                0x080025bc        0x2 build/ST/STM32F746G-DISCO/touchgfx/board/ST/STM32F746G-DISCO/source/BoardConfiguration.o
                0x080025bc                touchgfx::LCD16bpp::~LCD16bpp()
                0x080025bc                touchgfx::LCD16bpp::~LCD16bpp()
 .text._ZNK8touchgfx9PartitionINS_4meta8TypeListINS_15SlideTransitionILNS_9DirectionE3EEENS2_INS1_3NilES6_EEEELt1EE8capacityEv
                0x080025be        0x4 build/ST/STM32F746G-DISCO/touchgfx/board/ST/STM32F746G-DISCO/source/BoardConfiguration.o
                0x080025be                touchgfx::Partition<touchgfx::meta::TypeList<touchgfx::SlideTransition<(touchgfx::Direction)3>, touchgfx::meta::TypeList<touchgfx::meta::Nil, touchgfx::meta::Nil> >, (unsigned short)1>::capacity() const
 .text._ZN8touchgfx9PartitionINS_4meta8TypeListINS_15SlideTransitionILNS_9DirectionE3EEENS2_INS1_3NilES6_EEEELt1EE12element_sizeEv
                0x080025c2        0x4 build/ST/STM32F746G-DISCO/touchgfx/board/ST/STM32F746G-DISCO/source/BoardConfiguration.o
                0x080025c2                touchgfx::Partition<touchgfx::meta::TypeList<touchgfx::SlideTransition<(touchgfx::Direction)3>, touchgfx::meta::TypeList<touchgfx::meta::Nil, touchgfx::meta::Nil> >, (unsigned short)1>::element_size()
 .text._ZN8touchgfx9PartitionINS_4meta8TypeListINS_15SlideTransitionILNS_9DirectionE3EEENS2_INS1_3NilES6_EEEELt1EE7elementEt
                0x080025c6        0xa build/ST/STM32F746G-DISCO/touchgfx/board/ST/STM32F746G-DISCO/source/BoardConfiguration.o
                0x080025c6                touchgfx::Partition<touchgfx::meta::TypeList<touchgfx::SlideTransition<(touchgfx::Direction)3>, touchgfx::meta::TypeList<touchgfx::meta::Nil, touchgfx::meta::Nil> >, (unsigned short)1>::element(unsigned short)
 .text._ZNK8touchgfx9PartitionINS_4meta8TypeListINS_15SlideTransitionILNS_9DirectionE3EEENS2_INS1_3NilES6_EEEELt1EE7elementEt
                0x080025d0        0xa build/ST/STM32F746G-DISCO/touchgfx/board/ST/STM32F746G-DISCO/source/BoardConfiguration.o
                0x080025d0                touchgfx::Partition<touchgfx::meta::TypeList<touchgfx::SlideTransition<(touchgfx::Direction)3>, touchgfx::meta::TypeList<touchgfx::meta::Nil, touchgfx::meta::Nil> >, (unsigned short)1>::element(unsigned short) const
 .text._ZNK8touchgfx9PartitionINS_4meta8TypeListI11Screen1ViewNS2_INS1_3NilES4_EEEELt1EE8capacityEv
                0x080025da        0x4 build/ST/STM32F746G-DISCO/touchgfx/board/ST/STM32F746G-DISCO/source/BoardConfiguration.o
                0x080025da                touchgfx::Partition<touchgfx::meta::TypeList<Screen1View, touchgfx::meta::TypeList<touchgfx::meta::Nil, touchgfx::meta::Nil> >, (unsigned short)1>::capacity() const
 .text._ZN8touchgfx9PartitionINS_4meta8TypeListI11Screen1ViewNS2_INS1_3NilES4_EEEELt1EE12element_sizeEv
                0x080025de        0x6 build/ST/STM32F746G-DISCO/touchgfx/board/ST/STM32F746G-DISCO/source/BoardConfiguration.o
                0x080025de                touchgfx::Partition<touchgfx::meta::TypeList<Screen1View, touchgfx::meta::TypeList<touchgfx::meta::Nil, touchgfx::meta::Nil> >, (unsigned short)1>::element_size()
 .text._ZN8touchgfx9PartitionINS_4meta8TypeListI11Screen1ViewNS2_INS1_3NilES4_EEEELt1EE7elementEt
                0x080025e4        0xc build/ST/STM32F746G-DISCO/touchgfx/board/ST/STM32F746G-DISCO/source/BoardConfiguration.o
                0x080025e4                touchgfx::Partition<touchgfx::meta::TypeList<Screen1View, touchgfx::meta::TypeList<touchgfx::meta::Nil, touchgfx::meta::Nil> >, (unsigned short)1>::element(unsigned short)
 .text._ZNK8touchgfx9PartitionINS_4meta8TypeListI11Screen1ViewNS2_INS1_3NilES4_EEEELt1EE7elementEt
                0x080025f0        0xc build/ST/STM32F746G-DISCO/touchgfx/board/ST/STM32F746G-DISCO/source/BoardConfiguration.o
                0x080025f0                touchgfx::Partition<touchgfx::meta::TypeList<Screen1View, touchgfx::meta::TypeList<touchgfx::meta::Nil, touchgfx::meta::Nil> >, (unsigned short)1>::element(unsigned short) const
 .text._ZNK8touchgfx9PartitionINS_4meta8TypeListI20FingerPrintPresenterNS2_INS1_3NilES4_EEEELt1EE8capacityEv
                0x080025fc        0x4 build/ST/STM32F746G-DISCO/touchgfx/board/ST/STM32F746G-DISCO/source/BoardConfiguration.o
                0x080025fc                touchgfx::Partition<touchgfx::meta::TypeList<FingerPrintPresenter, touchgfx::meta::TypeList<touchgfx::meta::Nil, touchgfx::meta::Nil> >, (unsigned short)1>::capacity() const
 .text._ZN8touchgfx9PartitionINS_4meta8TypeListI20FingerPrintPresenterNS2_INS1_3NilES4_EEEELt1EE12element_sizeEv
                0x08002600        0x4 build/ST/STM32F746G-DISCO/touchgfx/board/ST/STM32F746G-DISCO/source/BoardConfiguration.o
                0x08002600                touchgfx::Partition<touchgfx::meta::TypeList<FingerPrintPresenter, touchgfx::meta::TypeList<touchgfx::meta::Nil, touchgfx::meta::Nil> >, (unsigned short)1>::element_size()
 .text._ZN8touchgfx9PartitionINS_4meta8TypeListI20FingerPrintPresenterNS2_INS1_3NilES4_EEEELt1EE7elementEt
                0x08002604        0x8 build/ST/STM32F746G-DISCO/touchgfx/board/ST/STM32F746G-DISCO/source/BoardConfiguration.o
                0x08002604                touchgfx::Partition<touchgfx::meta::TypeList<FingerPrintPresenter, touchgfx::meta::TypeList<touchgfx::meta::Nil, touchgfx::meta::Nil> >, (unsigned short)1>::element(unsigned short)
 .text._ZNK8touchgfx9PartitionINS_4meta8TypeListI20FingerPrintPresenterNS2_INS1_3NilES4_EEEELt1EE7elementEt
                0x0800260c        0x8 build/ST/STM32F746G-DISCO/touchgfx/board/ST/STM32F746G-DISCO/source/BoardConfiguration.o
                0x0800260c                touchgfx::Partition<touchgfx::meta::TypeList<FingerPrintPresenter, touchgfx::meta::TypeList<touchgfx::meta::Nil, touchgfx::meta::Nil> >, (unsigned short)1>::element(unsigned short) const
 .text._ZN16FrontendHeapBase15gotoStartScreenER19FrontendApplication
                0x08002614        0x6 build/ST/STM32F746G-DISCO/touchgfx/board/ST/STM32F746G-DISCO/source/BoardConfiguration.o
                0x08002614                FrontendHeapBase::gotoStartScreen(FrontendApplication&)
 *fill*         0x0800261a        0x2 00000000
 .text._ZN8touchgfx9PartitionINS_4meta8TypeListINS_15SlideTransitionILNS_9DirectionE3EEENS2_INS1_3NilES6_EEEELt1EED2Ev
                0x0800261c       0x14 build/ST/STM32F746G-DISCO/touchgfx/board/ST/STM32F746G-DISCO/source/BoardConfiguration.o
                0x0800261c                touchgfx::Partition<touchgfx::meta::TypeList<touchgfx::SlideTransition<(touchgfx::Direction)3>, touchgfx::meta::TypeList<touchgfx::meta::Nil, touchgfx::meta::Nil> >, (unsigned short)1>::~Partition()
                0x0800261c                touchgfx::Partition<touchgfx::meta::TypeList<touchgfx::SlideTransition<(touchgfx::Direction)3>, touchgfx::meta::TypeList<touchgfx::meta::Nil, touchgfx::meta::Nil> >, (unsigned short)1>::~Partition()
 .text._ZN8touchgfx9PartitionINS_4meta8TypeListINS_15SlideTransitionILNS_9DirectionE3EEENS2_INS1_3NilES6_EEEELt1EED0Ev
                0x08002630       0x12 build/ST/STM32F746G-DISCO/touchgfx/board/ST/STM32F746G-DISCO/source/BoardConfiguration.o
                0x08002630                touchgfx::Partition<touchgfx::meta::TypeList<touchgfx::SlideTransition<(touchgfx::Direction)3>, touchgfx::meta::TypeList<touchgfx::meta::Nil, touchgfx::meta::Nil> >, (unsigned short)1>::~Partition()
 *fill*         0x08002642        0x2 00000000
 .text._ZN8touchgfx9PartitionINS_4meta8TypeListI11Screen1ViewNS2_INS1_3NilES4_EEEELt1EED2Ev
                0x08002644       0x14 build/ST/STM32F746G-DISCO/touchgfx/board/ST/STM32F746G-DISCO/source/BoardConfiguration.o
                0x08002644                touchgfx::Partition<touchgfx::meta::TypeList<Screen1View, touchgfx::meta::TypeList<touchgfx::meta::Nil, touchgfx::meta::Nil> >, (unsigned short)1>::~Partition()
                0x08002644                touchgfx::Partition<touchgfx::meta::TypeList<Screen1View, touchgfx::meta::TypeList<touchgfx::meta::Nil, touchgfx::meta::Nil> >, (unsigned short)1>::~Partition()
 .text._ZN8touchgfx9PartitionINS_4meta8TypeListI11Screen1ViewNS2_INS1_3NilES4_EEEELt1EED0Ev
                0x08002658       0x12 build/ST/STM32F746G-DISCO/touchgfx/board/ST/STM32F746G-DISCO/source/BoardConfiguration.o
                0x08002658                touchgfx::Partition<touchgfx::meta::TypeList<Screen1View, touchgfx::meta::TypeList<touchgfx::meta::Nil, touchgfx::meta::Nil> >, (unsigned short)1>::~Partition()
 *fill*         0x0800266a        0x2 00000000
 .text._ZN8touchgfx9PartitionINS_4meta8TypeListI20FingerPrintPresenterNS2_INS1_3NilES4_EEEELt1EED2Ev
                0x0800266c       0x14 build/ST/STM32F746G-DISCO/touchgfx/board/ST/STM32F746G-DISCO/source/BoardConfiguration.o
                0x0800266c                touchgfx::Partition<touchgfx::meta::TypeList<FingerPrintPresenter, touchgfx::meta::TypeList<touchgfx::meta::Nil, touchgfx::meta::Nil> >, (unsigned short)1>::~Partition()
                0x0800266c                touchgfx::Partition<touchgfx::meta::TypeList<FingerPrintPresenter, touchgfx::meta::TypeList<touchgfx::meta::Nil, touchgfx::meta::Nil> >, (unsigned short)1>::~Partition()
 .text._ZN8touchgfx9PartitionINS_4meta8TypeListI20FingerPrintPresenterNS2_INS1_3NilES4_EEEELt1EED0Ev
                0x08002680       0x12 build/ST/STM32F746G-DISCO/touchgfx/board/ST/STM32F746G-DISCO/source/BoardConfiguration.o
                0x08002680                touchgfx::Partition<touchgfx::meta::TypeList<FingerPrintPresenter, touchgfx::meta::TypeList<touchgfx::meta::Nil, touchgfx::meta::Nil> >, (unsigned short)1>::~Partition()
 *fill*         0x08002692        0x2 00000000
 .text._ZN12FrontendHeapD2Ev
                0x08002694       0x28 build/ST/STM32F746G-DISCO/touchgfx/board/ST/STM32F746G-DISCO/source/BoardConfiguration.o
                0x08002694                FrontendHeap::~FrontendHeap()
                0x08002694                FrontendHeap::~FrontendHeap()
 .text._ZN12FrontendHeapD0Ev
                0x080026bc       0x12 build/ST/STM32F746G-DISCO/touchgfx/board/ST/STM32F746G-DISCO/source/BoardConfiguration.o
                0x080026bc                FrontendHeap::~FrontendHeap()
 *fill*         0x080026ce        0x2 00000000
 .text._ZN12FrontendHeap11getInstanceEv
                0x080026d0       0xa4 build/ST/STM32F746G-DISCO/touchgfx/board/ST/STM32F746G-DISCO/source/BoardConfiguration.o
                0x080026d0                FrontendHeap::getInstance()
 .text._ZN8touchgfx8LCD16bppD0Ev
                0x08002774        0xc build/ST/STM32F746G-DISCO/touchgfx/board/ST/STM32F746G-DISCO/source/BoardConfiguration.o
                0x08002774                touchgfx::LCD16bpp::~LCD16bpp()
 .text.SysTick_Handler
                0x08002780       0x1c build/ST/STM32F746G-DISCO/touchgfx/board/ST/STM32F746G-DISCO/source/BoardConfiguration.o
                0x08002780                SysTick_Handler
 .text._ZN8touchgfx13touchgfx_initEv
                0x0800279c      0x180 build/ST/STM32F746G-DISCO/touchgfx/board/ST/STM32F746G-DISCO/source/BoardConfiguration.o
                0x0800279c                touchgfx::touchgfx_init()
 .text.SystemClock_Config
                0x0800291c       0x5e build/ST/STM32F746G-DISCO/touchgfx/board/ST/STM32F746G-DISCO/source/BoardConfiguration.o
                0x0800291c                SystemClock_Config
 *fill*         0x0800297a        0x2 00000000
 .text._ZN8touchgfx7hw_initEv
                0x0800297c      0x190 build/ST/STM32F746G-DISCO/touchgfx/board/ST/STM32F746G-DISCO/source/BoardConfiguration.o
                0x0800297c                touchgfx::hw_init()
 .text.startup._GLOBAL__sub_I_os_inited
                0x08002b0c       0x98 build/ST/STM32F746G-DISCO/touchgfx/board/ST/STM32F746G-DISCO/source/BoardConfiguration.o
 .text._ZN8touchgfx4GPIO4initEv
                0x08002ba4       0x1c build/ST/STM32F746G-DISCO/touchgfx/board/ST/STM32F746G-DISCO/source/GPIO.o
                0x08002ba4                touchgfx::GPIO::init()
 .text._ZN8touchgfx4GPIO3setENS0_7GPIO_IDE
                0x08002bc0       0x14 build/ST/STM32F746G-DISCO/touchgfx/board/ST/STM32F746G-DISCO/source/GPIO.o
                0x08002bc0                touchgfx::GPIO::set(touchgfx::GPIO::GPIO_ID)
 .text._ZN8touchgfx4GPIO5clearENS0_7GPIO_IDE
                0x08002bd4       0x14 build/ST/STM32F746G-DISCO/touchgfx/board/ST/STM32F746G-DISCO/source/GPIO.o
                0x08002bd4                touchgfx::GPIO::clear(touchgfx::GPIO::GPIO_ID)
 .text._ZN8touchgfx4GPIO6toggleENS0_7GPIO_IDE
                0x08002be8        0xc build/ST/STM32F746G-DISCO/touchgfx/board/ST/STM32F746G-DISCO/source/GPIO.o
                0x08002be8                touchgfx::GPIO::toggle(touchgfx::GPIO::GPIO_ID)
 .text.vListInitialise
                0x08002bf4       0x16 build/ST/STM32F746G-DISCO/touchgfx/os/FreeRTOS8.2.0/Source/list.o
                0x08002bf4                vListInitialise
 .text.vListInitialiseItem
                0x08002c0a        0x6 build/ST/STM32F746G-DISCO/touchgfx/os/FreeRTOS8.2.0/Source/list.o
                0x08002c0a                vListInitialiseItem
 .text.vListInsertEnd
                0x08002c10       0x18 build/ST/STM32F746G-DISCO/touchgfx/os/FreeRTOS8.2.0/Source/list.o
                0x08002c10                vListInsertEnd
 .text.vListInsert
                0x08002c28       0x30 build/ST/STM32F746G-DISCO/touchgfx/os/FreeRTOS8.2.0/Source/list.o
                0x08002c28                vListInsert
 .text.uxListRemove
                0x08002c58       0x24 build/ST/STM32F746G-DISCO/touchgfx/os/FreeRTOS8.2.0/Source/list.o
                0x08002c58                uxListRemove
 .text.unlikely.prvCopyDataToQueue
                0x08002c7c       0x6a build/ST/STM32F746G-DISCO/touchgfx/os/FreeRTOS8.2.0/Source/queue.o
 .text.unlikely.prvCopyDataFromQueue
                0x08002ce6       0x28 build/ST/STM32F746G-DISCO/touchgfx/os/FreeRTOS8.2.0/Source/queue.o
 .text.prvUnlockQueue
                0x08002d0e       0x64 build/ST/STM32F746G-DISCO/touchgfx/os/FreeRTOS8.2.0/Source/queue.o
 *fill*         0x08002d72        0x2 00000000
 .text.xQueueGenericReset
                0x08002d74       0x84 build/ST/STM32F746G-DISCO/touchgfx/os/FreeRTOS8.2.0/Source/queue.o
                0x08002d74                xQueueGenericReset
 .text.xQueueGenericCreate
                0x08002df8       0x6c build/ST/STM32F746G-DISCO/touchgfx/os/FreeRTOS8.2.0/Source/queue.o
                0x08002df8                xQueueGenericCreate
 .text.xQueueGenericSend
                0x08002e64      0x148 build/ST/STM32F746G-DISCO/touchgfx/os/FreeRTOS8.2.0/Source/queue.o
                0x08002e64                xQueueGenericSend
 .text.xQueueGenericSendFromISR
                0x08002fac       0xc8 build/ST/STM32F746G-DISCO/touchgfx/os/FreeRTOS8.2.0/Source/queue.o
                0x08002fac                xQueueGenericSendFromISR
 .text.xQueueGiveFromISR
                0x08003074       0x90 build/ST/STM32F746G-DISCO/touchgfx/os/FreeRTOS8.2.0/Source/queue.o
                0x08003074                xQueueGiveFromISR
 .text.xQueueGenericReceive
                0x08003104      0x164 build/ST/STM32F746G-DISCO/touchgfx/os/FreeRTOS8.2.0/Source/queue.o
                0x08003104                xQueueGenericReceive
 .text.prvResetNextTaskUnblockTime
                0x08003268       0x24 build/ST/STM32F746G-DISCO/touchgfx/os/FreeRTOS8.2.0/Source/tasks.o
 .text.prvAddCurrentTaskToDelayedList
                0x0800328c       0x50 build/ST/STM32F746G-DISCO/touchgfx/os/FreeRTOS8.2.0/Source/tasks.o
 .text.unlikely.xTaskGenericCreate.part.5
                0x080032dc      0x1c8 build/ST/STM32F746G-DISCO/touchgfx/os/FreeRTOS8.2.0/Source/tasks.o
 .text.xTaskGenericCreate
                0x080034a4       0x48 build/ST/STM32F746G-DISCO/touchgfx/os/FreeRTOS8.2.0/Source/tasks.o
                0x080034a4                xTaskGenericCreate
 .text.vTaskStartScheduler
                0x080034ec       0x6c build/ST/STM32F746G-DISCO/touchgfx/os/FreeRTOS8.2.0/Source/tasks.o
                0x080034ec                vTaskStartScheduler
 .text.vTaskSuspendAll
                0x08003558       0x10 build/ST/STM32F746G-DISCO/touchgfx/os/FreeRTOS8.2.0/Source/tasks.o
                0x08003558                vTaskSuspendAll
 .text.xTaskIncrementTick
                0x08003568      0x118 build/ST/STM32F746G-DISCO/touchgfx/os/FreeRTOS8.2.0/Source/tasks.o
                0x08003568                xTaskIncrementTick
 .text.xTaskResumeAll
                0x08003680       0xe8 build/ST/STM32F746G-DISCO/touchgfx/os/FreeRTOS8.2.0/Source/tasks.o
                0x08003680                xTaskResumeAll
 .text.prvIdleTask
                0x08003768       0x78 build/ST/STM32F746G-DISCO/touchgfx/os/FreeRTOS8.2.0/Source/tasks.o
 .text.vTaskSetApplicationTaskTag
                0x080037e0       0x20 build/ST/STM32F746G-DISCO/touchgfx/os/FreeRTOS8.2.0/Source/tasks.o
                0x080037e0                vTaskSetApplicationTaskTag
 .text.xTaskCallApplicationTaskHook
                0x08003800       0x18 build/ST/STM32F746G-DISCO/touchgfx/os/FreeRTOS8.2.0/Source/tasks.o
                0x08003800                xTaskCallApplicationTaskHook
 .text.vTaskSwitchContext
                0x08003818       0xc0 build/ST/STM32F746G-DISCO/touchgfx/os/FreeRTOS8.2.0/Source/tasks.o
                0x08003818                vTaskSwitchContext
 .text.vTaskPlaceOnEventList
                0x080038d8       0x74 build/ST/STM32F746G-DISCO/touchgfx/os/FreeRTOS8.2.0/Source/tasks.o
                0x080038d8                vTaskPlaceOnEventList
 .text.xTaskRemoveFromEventList
                0x0800394c       0x88 build/ST/STM32F746G-DISCO/touchgfx/os/FreeRTOS8.2.0/Source/tasks.o
                0x0800394c                xTaskRemoveFromEventList
 .text.vTaskSetTimeOutState
                0x080039d4       0x30 build/ST/STM32F746G-DISCO/touchgfx/os/FreeRTOS8.2.0/Source/tasks.o
                0x080039d4                vTaskSetTimeOutState
 .text.xTaskCheckForTimeOut
                0x08003a04       0x7c build/ST/STM32F746G-DISCO/touchgfx/os/FreeRTOS8.2.0/Source/tasks.o
                0x08003a04                xTaskCheckForTimeOut
 .text.vTaskMissedYield
                0x08003a80        0xc build/ST/STM32F746G-DISCO/touchgfx/os/FreeRTOS8.2.0/Source/tasks.o
                0x08003a80                vTaskMissedYield
 .text.vTaskPriorityInherit
                0x08003a8c       0x8c build/ST/STM32F746G-DISCO/touchgfx/os/FreeRTOS8.2.0/Source/tasks.o
                0x08003a8c                vTaskPriorityInherit
 .text.xTaskPriorityDisinherit
                0x08003b18       0x88 build/ST/STM32F746G-DISCO/touchgfx/os/FreeRTOS8.2.0/Source/tasks.o
                0x08003b18                xTaskPriorityDisinherit
 .text.pvTaskIncrementMutexHeldCount
                0x08003ba0       0x18 build/ST/STM32F746G-DISCO/touchgfx/os/FreeRTOS8.2.0/Source/tasks.o
                0x08003ba0                pvTaskIncrementMutexHeldCount
 .text.pvPortMalloc
                0x08003bb8       0xbc build/ST/STM32F746G-DISCO/touchgfx/os/FreeRTOS8.2.0/Source/portable/MemMang/heap_2.o
                0x08003bb8                pvPortMalloc
 .text.vPortFree
                0x08003c74       0x44 build/ST/STM32F746G-DISCO/touchgfx/os/FreeRTOS8.2.0/Source/portable/MemMang/heap_2.o
                0x08003c74                vPortFree
 .text.prvTaskExitError
                0x08003cb8       0x38 build/ST/STM32F746G-DISCO/touchgfx/os/FreeRTOS8.2.0/Source/portable/GCC/ARM_CM7/port.o
 .text.prvPortStartFirstTask
                0x08003cf0       0x20 build/ST/STM32F746G-DISCO/touchgfx/os/FreeRTOS8.2.0/Source/portable/GCC/ARM_CM7/port.o
 .text.vPortEnableVFP
                0x08003d10       0x14 build/ST/STM32F746G-DISCO/touchgfx/os/FreeRTOS8.2.0/Source/portable/GCC/ARM_CM7/port.o
 .text.pxPortInitialiseStack
                0x08003d24       0x20 build/ST/STM32F746G-DISCO/touchgfx/os/FreeRTOS8.2.0/Source/portable/GCC/ARM_CM7/port.o
                0x08003d24                pxPortInitialiseStack
 .text.SVC_Handler
                0x08003d44       0x20 build/ST/STM32F746G-DISCO/touchgfx/os/FreeRTOS8.2.0/Source/portable/GCC/ARM_CM7/port.o
                0x08003d44                SVC_Handler
 .text.vPortEnterCritical
                0x08003d64       0x4c build/ST/STM32F746G-DISCO/touchgfx/os/FreeRTOS8.2.0/Source/portable/GCC/ARM_CM7/port.o
                0x08003d64                vPortEnterCritical
 .text.vPortExitCritical